******************************************************************************
                  TI ARM Linker PC v20.2.1                     
******************************************************************************
>> Linked Fri Oct  2 18:50:39 2020

OUTPUT FILE NAME:   <USB_STEPPER_PID.out>
ENTRY POINT SYMBOL: "_c_int00_noargs"  address: 000042d9


MEMORY CONFIGURATION

         name            origin    length      used     unused   attr    fill
----------------------  --------  ---------  --------  --------  ----  --------
  FLASH                 00000000   00040000  0000abf2  0003540e  R  X
  SRAM                  20000000   00008000  00006988  00001678  RW X


SEGMENT ALLOCATION MAP

run origin  load origin   length   init length attrs members
----------  ----------- ---------- ----------- ----- -------
00000000    00000000    0000abf8   0000abf8    r-x
  00000000    00000000    0000026c   0000026c    r-- .intvecs
  0000026c    0000026c    000040ee   000040ee    r-x .text
  0000435c    0000435c    00000568   00000568    r-- .const
  000048c8    000048c8    00006330   00006330    r-- .cinit
20000000    20000000    00006988   00000000    rw-
  20000000    20000000    0000026c   00000000    rw- .vtable
  2000026c    2000026c    000062f4   00000000    rw- .data
  20006560    20006560    00000228   00000000    rw- .bss
  20006788    20006788    00000200   00000000    rw- .stack


SECTION ALLOCATION MAP

 output                                  attributes/
section   page    origin      length       input sections
--------  ----  ----------  ----------   ----------------
.intvecs   0    00000000    0000026c     
                  00000000    0000026c     tm4c123gh6pm_startup_ccs.obj (.intvecs)

.text      0    0000026c    000040ee     
                  0000026c    00000dc0     tasks.obj (.text)
                  0000102c    000008d8     usbdcdc.obj (.text)
                  00001904    00000724     queue.obj (.text)
                  00002028    00000664     gpio.obj (.text)
                  0000268c    000003cc     timers.obj (.text)
                  00002a58    000002e0     uart.obj (.text)
                  00002d38    00000284     interrupt.obj (.text)
                  00002fbc    000001b6     rtsv7M4_T_le_v4SPD16_eabi.lib : fd_add_t2.asm.obj (.text)
                  00003172    00000002     --HOLE-- [fill = 0]
                  00003174    00000174     PID_TASKS.obj (.text)
                  000032e8    00000154     USB_tasks.obj (.text)
                  0000343c    00000144     UART_TASK.obj (.text)
                  00003580    00000136     rtsv7M4_T_le_v4SPD16_eabi.lib : fd_div_t2.asm.obj (.text)
                  000036b6    00000002     --HOLE-- [fill = 0]
                  000036b8    00000134     STEPPER_TASKS.obj (.text)
                  000037ec    0000011c     PID_Control.obj (.text)
                  00003908    00000108     heap_2.obj (.text)
                  00003a10    000000fc     rtsv7M4_T_le_v4SPD16_eabi.lib : fd_mul_t2.asm.obj (.text)
                  00003b0c    000000e4     port.obj (.text)
                  00003bf0    000000da     portasm.obj (.text)
                  00003cca    00000002     --HOLE-- [fill = 0]
                  00003ccc    000000bc     State_Decode.obj (.text)
                  00003d88    000000b0     main.obj (.text)
                  00003e38    0000009c     rtsv7M4_T_le_v4SPD16_eabi.lib : memcpy_t2.asm.obj (.text)
                  00003ed4    00000094     Orientation.obj (.text)
                  00003f68    00000092     list.obj (.text)
                  00003ffa    00000002     --HOLE-- [fill = 0]
                  00003ffc    00000090     UART.obj (.text)
                  0000408c    0000007a     rtsv7M4_T_le_v4SPD16_eabi.lib : memset_t2.asm.obj (.text)
                  00004106    0000006e                                   : fd_tos_t2.asm.obj (.text)
                  00004174    00000068                                   : copy_decompress_lzss.c.obj (.text:decompress:lzss:__TI_decompress_lzss)
                  000041dc    00000048                                   : fd_toi_t2.asm.obj (.text)
                  00004224    00000044                                   : autoinit.c.obj (.text:__TI_auto_init_nobinit_nopinit:__TI_auto_init_nobinit_nopinit)
                  00004268    00000038                                   : fs_tod_t2.asm.obj (.text)
                  000042a0    00000036     cpu.obj (.text)
                  000042d6    00000002     --HOLE-- [fill = 0]
                  000042d8    00000034     rtsv7M4_T_le_v4SPD16_eabi.lib : boot_cortex_m.c.obj (.text:_c_int00_noargs:_c_int00_noargs)
                  0000430c    00000020     usbdhandler.obj (.text)
                  0000432c    0000000e     rtsv7M4_T_le_v4SPD16_eabi.lib : copy_decompress_none.c.obj (.text:decompress:none:__TI_decompress_none)
                  0000433a    0000000c                                   : copy_zero_init.c.obj (.text:decompress:ZI:__TI_zero_init)
                  00004346    0000000c     tm4c123gh6pm_startup_ccs.obj (.text)
                  00004352    00000004     rtsv7M4_T_le_v4SPD16_eabi.lib : pre_init.c.obj (.text:_system_pre_init)
                  00004356    00000004                                   : exit.c.obj (.text:abort:abort)

.const     0    0000435c    00000568     
                  0000435c    00000228     gpio.obj (.const:$O1$$)
                  00004584    0000010c     interrupt.obj (.const:$O1$$)
                  00004690    00000080     uart.obj (.const:$O1$$)
                  00004710    00000040     usbdcdc.obj (.const:$O2$$)
                  00004750    00000036     usb_serial_structs.obj (.const:.string:g_pui8ConfigString)
                  00004786    0000002c     usb_serial_structs.obj (.const:.string:g_pui8ControlInterfaceString)
                  000047b2    00000024     usb_serial_structs.obj (.const:.string:g_pui8ManufacturerString)
                  000047d6    00000023     usbdcdc.obj (.const:.string:g_pui8CDCSerCommInterface)
                  000047f9    00000022     usb_serial_structs.obj (.const:.string:g_pui8ProductString)
                  0000481b    00000001     --HOLE-- [fill = 0]
                  0000481c    00000018     usb_serial_structs.obj (.const:g_ppui8StringDescriptors)
                  00004834    00000017     usbdcdc.obj (.const:.string:g_pui8CDCSerDataInterface)
                  0000484b    00000017     usbdcdc.obj (.const:.string:g_pui8CDCSerDataInterfaceHS)
                  00004862    00000012     usb_serial_structs.obj (.const:.string:g_pui8SerialNumberString)
                  00004874    00000008     usbdcdc.obj (.const:g_sCDCCompSerConfigHeader)
                  0000487c    00000008     usbdcdc.obj (.const:g_sCDCCompSerConfigHeaderHS)
                  00004884    00000008     usbdcdc.obj (.const:g_sCDCSerCommInterfaceSection)
                  0000488c    00000008     usbdcdc.obj (.const:g_sCDCSerConfigHeader)
                  00004894    00000008     usbdcdc.obj (.const:g_sCDCSerConfigHeaderHS)
                  0000489c    00000008     usbdcdc.obj (.const:g_sCDCSerConfigSection)
                  000048a4    00000008     usbdcdc.obj (.const:g_sCDCSerDataInterfaceSection)
                  000048ac    00000008     usbdcdc.obj (.const:g_sCDCSerDataInterfaceSectionHS)
                  000048b4    00000008     usbdcdc.obj (.const:g_sIADSerConfigSection)
                  000048bc    00000004     usb_serial_structs.obj (.const:.string:g_pui8LangDescriptor)
                  000048c0    00000004     port.obj (.const)

.cinit     0    000048c8    00006330     
                  000048c8    000062fc     (.cinit..data.load) [load image]
                  0000abc4    0000000c     (__TI_handler_table)
                  0000abd0    00000008     (.cinit..bss.load) [load image, compression = zero_init]
                  0000abd8    00000008     (.cinit..vtable.load) [load image, compression = zero_init]
                  0000abe0    00000018     (__TI_cinit_table)

.init_array 
*          0    00000000    00000000     UNINITIALIZED

.vtable    0    20000000    0000026c     UNINITIALIZED
                  20000000    0000026c     interrupt.obj (.vtable)

.data      0    2000026c    000062f4     UNINITIALIZED
                  2000026c    00006018     heap_2.obj (.data:$O1$$)
                  20006284    0000010c     tasks.obj (.data:$O1$$)
                  20006390    00000060     usb_serial_structs.obj (.data:g_sCDCDevice)
                  200063f0    0000003c     timers.obj (.data:$O1$$)
                  2000642c    00000038     usb_serial_structs.obj (.data:g_sRxBuffer)
                  20006464    00000038     usb_serial_structs.obj (.data:g_sTxBuffer)
                  2000649c    0000002c     tasks.obj (.data)
                  200064c8    00000020     usbdcdc.obj (.data:$O1$$)
                  200064e8    00000014     USB_tasks.obj (.data:$O1$$)
                  200064fc    00000010     State_Decode.obj (.data:$O1$$)
                  2000650c    00000010     UART_TASK.obj (.data:$O1$$)
                  2000651c    00000010     usbdcdc.obj (.data:g_psCDCCompSerSections)
                  2000652c    00000010     usbdcdc.obj (.data:g_psCDCCompSerSectionsHS)
                  2000653c    0000000c     usbdcdc.obj (.data:g_psCDCSerSections)
                  20006548    0000000c     usbdcdc.obj (.data:g_psCDCSerSectionsHS)
                  20006554    00000008     usbdcdc.obj (.data:g_pui8IADSerDescriptor)
                  2000655c    00000004     port.obj (.data)

.bss       0    20006560    00000228     UNINITIALIZED
                  20006560    00000100     (.common:g_pui8USBRxBuffer)
                  20006660    00000100     (.common:g_pui8USBTxBuffer)
                  20006760    00000010     main.obj (.bss:$O1$$)
                  20006770    00000010     STEPPER_TASKS.obj (.bss:steering_structure$1)
                  20006780    00000008     tasks.obj (.bss)

.stack     0    20006788    00000200     UNINITIALIZED
                  20006788    00000004     rtsv7M4_T_le_v4SPD16_eabi.lib : boot_cortex_m.c.obj (.stack)
                  2000678c    000001fc     --HOLE--

__llvm_prf_cnts 
*          0    20000000    00000000     UNINITIALIZED

MODULE SUMMARY

       Module                         code    ro data   rw data
       ------                         ----    -------   -------
    .\
       usb_serial_structs.obj         0       214       720    
       tm4c123gh6pm_startup_ccs.obj   12      620       0      
       PID_TASKS.obj                  372     0         0      
       USB_tasks.obj                  340     0         20     
       UART_TASK.obj                  324     0         16     
       STEPPER_TASKS.obj              308     0         16     
       PID_Control.obj                284     0         0      
       State_Decode.obj               188     0         16     
       main.obj                       176     0         16     
       Orientation.obj                148     0         0      
       UART.obj                       144     0         0      
    +--+------------------------------+-------+---------+---------+
       Total:                         2296    834       804    
                                                               
    .\FreeRTOS\
       tasks.obj                      3520    0         320    
       queue.obj                      1828    0         0      
       timers.obj                     972     0         60     
       list.obj                       146     0         0      
    +--+------------------------------+-------+---------+---------+
       Total:                         6466    0         380    
                                                               
    .\FreeRTOS\portable\CCS\ARM_CM4F\
       port.obj                       228     4         4      
       portasm.obj                    218     0         0      
    +--+------------------------------+-------+---------+---------+
       Total:                         446     4         4      
                                                               
    .\FreeRTOS\portable\MemMang\
       heap_2.obj                     264     0         24600  
    +--+------------------------------+-------+---------+---------+
       Total:                         264     0         24600  
                                                               
    .\TivaWARE\driverlib\
       gpio.obj                       1636    552       0      
       interrupt.obj                  644     268       620    
       uart.obj                       736     128       0      
       cpu.obj                        54      0         0      
    +--+------------------------------+-------+---------+---------+
       Total:                         3070    948       620    
                                                               
    .\TivaWARE\usblib\device\
       usbdcdc.obj                    2264    217       96     
       usbdhandler.obj                32      0         0      
    +--+------------------------------+-------+---------+---------+
       Total:                         2296    217       96     
                                                               
    C:\ti\ccs1010\ccs\tools\compiler\ti-cgt-arm_20.2.1.LTS\lib\rtsv7M4_T_le_v4SPD16_eabi.lib
       fd_add_t2.asm.obj              438     0         0      
       fd_div_t2.asm.obj              310     0         0      
       fd_mul_t2.asm.obj              252     0         0      
       memcpy_t2.asm.obj              156     0         0      
       memset_t2.asm.obj              122     0         0      
       fd_tos_t2.asm.obj              110     0         0      
       copy_decompress_lzss.c.obj     104     0         0      
       fd_toi_t2.asm.obj              72      0         0      
       autoinit.c.obj                 68      0         0      
       fs_tod_t2.asm.obj              56      0         0      
       boot_cortex_m.c.obj            52      0         0      
       copy_decompress_none.c.obj     14      0         0      
       copy_zero_init.c.obj           12      0         0      
       exit.c.obj                     4       0         0      
       pre_init.c.obj                 4       0         0      
    +--+------------------------------+-------+---------+---------+
       Total:                         1774    0         0      
                                                               
       Stack:                         0       0         512    
       Linker Generated:              0       25392     0      
    +--+------------------------------+-------+---------+---------+
       Grand Total:                   16612   27395     27016  


LINKER GENERATED COPY TABLES

__TI_cinit_table @ 0000abe0 records: 3, size/record: 8, table size: 24
	.data: load addr=000048c8, load size=000062fc bytes, run addr=2000026c, run size=000062f4 bytes, compression=copy
	.bss: load addr=0000abd0, load size=00000008 bytes, run addr=20006560, run size=00000228 bytes, compression=zero_init
	.vtable: load addr=0000abd8, load size=00000008 bytes, run addr=20000000, run size=0000026c bytes, compression=zero_init


LINKER GENERATED HANDLER TABLE

__TI_handler_table @ 0000abc4 records: 3, size/record: 4, table size: 12
	index: 0, handler: __TI_zero_init
	index: 1, handler: __TI_decompress_lzss
	index: 2, handler: __TI_decompress_none


GLOBAL SYMBOLS: SORTED ALPHABETICALLY BY Name 

address   name                              
-------   ----                              
00004357  C$$EXIT                           
000042cd  CPUbasepriGet                     
000042c7  CPUbasepriSet                     
000042bb  CPUcpsid                          
000042af  CPUcpsie                          
000042a5  CPUprimask                        
000042a1  CPUwfi                            
000033e7  ControlHandler                    
00002669  GPIOADCTriggerDisable             
0000265d  GPIOADCTriggerEnable              
0000264f  GPIODMATriggerDisable             
00002643  GPIODMATriggerEnable              
0000261d  GPIODirModeGet                    
00002035  GPIODirModeSet                    
00002617  GPIOIntClear                      
00002609  GPIOIntDisable                    
000025fd  GPIOIntEnable                     
000025e5  GPIOIntRegister                   
000025c9  GPIOIntRegisterPin                
000025bb  GPIOIntStatus                     
00002579  GPIOIntTypeGet                    
00002521  GPIOIntTypeSet                    
0000250d  GPIOIntUnregister                 
000024f5  GPIOIntUnregisterPin              
0000241f  GPIOPadConfigGet                  
00002061  GPIOPadConfigSet                  
000023db  GPIOPinConfigure                  
000023d5  GPIOPinRead                       
000023bf  GPIOPinTypeADC                    
000023a9  GPIOPinTypeCAN                    
00002393  GPIOPinTypeComparator             
0000237d  GPIOPinTypeComparatorOutput       
00002367  GPIOPinTypeDIVSCLK                
00002351  GPIOPinTypeEPI                    
0000233b  GPIOPinTypeEthernetLED            
00002325  GPIOPinTypeEthernetMII            
0000230f  GPIOPinTypeGPIOInput              
000022f7  GPIOPinTypeGPIOOutput             
000022df  GPIOPinTypeGPIOOutputOD           
000022c9  GPIOPinTypeHibernateRTCCLK        
000022b3  GPIOPinTypeI2C                    
0000229d  GPIOPinTypeI2CSCL                 
00002287  GPIOPinTypeLCD                    
00002271  GPIOPinTypeOneWire                
0000225b  GPIOPinTypePWM                    
00002245  GPIOPinTypeQEI                    
0000222f  GPIOPinTypeSSI                    
00002219  GPIOPinTypeTimer                  
00002203  GPIOPinTypeTrace                  
000021ed  GPIOPinTypeUART                   
000021d7  GPIOPinTypeUSBAnalog              
000021c1  GPIOPinTypeUSBDigital             
000021a9  GPIOPinTypeWakeHigh               
00002191  GPIOPinTypeWakeLow                
0000202f  GPIOPinWakeStatus                 
00002029  GPIOPinWrite                      
00002f3d  IntDisable                        
00002ee9  IntEnable                         
00002e91  IntIsEnabled                      
00002e81  IntMasterDisable                  
00002e71  IntMasterEnable                   
00002e35  IntPendClear                      
00002deb  IntPendSet                        
00002dd1  IntPriorityGet                    
00002dab  IntPriorityGroupingGet            
00002d97  IntPriorityGroupingSet            
000042cd  IntPriorityMaskGet                
000042c7  IntPriorityMaskSet                
00002d77  IntPrioritySet                    
00002d4d  IntRegister                       
00002d45  IntTrigger                        
00002d3b  IntUnregister                     
UNDEFED   InternalUSBRegisterTickHandler    
UNDEFED   InternalUSBTickInit               
000012db  ProcessDataFromHost               
00001365  ProcessDataToHost                 
000012a1  ProcessNotificationToHost         
2000676c  Queue_Current_Orientation         
20006764  Queue_Desired_Orientation         
20006760  Queue_Feedback_Orientation        
20006768  Queue_steering                    
00004347  ResetISR                          
000033d5  RxHandler                         
2000650c  Sem_UARTReceive                   
200064f4  Sem_USBReceive                    
200064f8  Sem_USBTransmit                   
00003ccd  State_Decoding                    
000042a1  SysCtlSleep                       
000033c3  TxHandler                         
0000405d  UART1IntHandler                   
00003ffd  UART1_Init                        
00002cfd  UART9BitAddrSend                  
00002cf3  UART9BitAddrSet                   
00002ce5  UART9BitDisable                   
00002cd7  UART9BitEnable                    
00002cc3  UARTBreakCtl                      
00002cbb  UARTBusy                          
00002cb1  UARTCharGet                       
00002ca3  UARTCharGetNonBlocking            
00002c99  UARTCharPut                       
00002c8b  UARTCharPutNonBlocking            
00002c7d  UARTCharsAvail                    
00002c77  UARTClockSourceGet                
00002c71  UARTClockSourceSet                
00002c4b  UARTConfigGetExpClk               
00002c09  UARTConfigSetExpClk               
00002bff  UARTDMADisable                    
00002bf7  UARTDMAEnable                     
00002bdd  UARTDisable                       
00002bd3  UARTDisableSIR                    
00002bbf  UARTEnable                        
00002bab  UARTEnableSIR                     
00002ba1  UARTFIFODisable                   
00002b97  UARTFIFOEnable                    
00002b87  UARTFIFOLevelGet                  
00002b81  UARTFIFOLevelSet                  
00002b79  UARTFlowControlGet                
00002b6d  UARTFlowControlSet                
00002b69  UARTIntClear                      
00002b5f  UARTIntDisable                    
00002b57  UARTIntEnable                     
00002b3f  UARTIntRegister                   
00002b35  UARTIntStatus                     
00002b21  UARTIntUnregister                 
00002aed  UARTLoopbackEnable                
00002adb  UARTModemControlClear             
00002ad3  UARTModemControlGet               
00002ac7  UARTModemControlSet               
00002abd  UARTModemStatusGet                
00002ab5  UARTParityModeGet                 
00002aa9  UARTParityModeSet                 
00002aa3  UARTRxErrorClear                  
00002a9b  UARTRxErrorGet                    
00002a91  UARTSmartCardDisable              
00002a7b  UARTSmartCardEnable               
00002a6d  UARTSpaceAvail                    
00002a65  UARTTxIntModeGet                  
00002a59  UARTTxIntModeSet                  
0000430d  USB0DeviceIntHandler              
UNDEFED   USBBufferEventCallback            
UNDEFED   USBBufferInit                     
UNDEFED   USBBufferRead                     
UNDEFED   USBBufferWrite                    
000017df  USBDCDCCompositeInit              
000018ab  USBDCDCInit                       
00001739  USBDCDCPacketRead                 
000016c3  USBDCDCPacketWrite                
000016bd  USBDCDCPowerStatusSet             
000016b7  USBDCDCRemoteWakeupRequest        
0000167b  USBDCDCRxPacketAvailable          
00001651  USBDCDCSerialStateChange          
0000105d  USBDCDCSetControlCBData           
00001055  USBDCDCSetRxCBData                
0000104d  USBDCDCSetTxCBData                
0000103d  USBDCDCTerm                       
0000102d  USBDCDCTxPacketAvailable          
UNDEFED   USBDCDDeviceInfoInit              
UNDEFED   USBDCDFeatureGet                  
UNDEFED   USBDCDInit                        
UNDEFED   USBDCDPowerStatusSet              
UNDEFED   USBDCDRemoteWakeupRequest         
UNDEFED   USBDCDRequestDataEP0              
UNDEFED   USBDCDSendDataEP0                 
UNDEFED   USBDCDStallEP0                    
UNDEFED   USBDCDTerm                        
UNDEFED   USBDeviceIntHandlerInternal       
UNDEFED   USBStackModeSet                   
20006988  __STACK_END                       
00000200  __STACK_SIZE                      
20006988  __STACK_TOP                       
0000abe0  __TI_CINIT_Base                   
0000abf8  __TI_CINIT_Limit                  
0000abc4  __TI_Handler_Table_Base           
0000abd0  __TI_Handler_Table_Limit          
00004225  __TI_auto_init_nobinit_nopinit    
00004175  __TI_decompress_lzss              
0000432d  __TI_decompress_none              
ffffffff  __TI_pprof_out_hndl               
ffffffff  __TI_prof_data_size               
ffffffff  __TI_prof_data_start              
00000000  __TI_static_base__                
0000433b  __TI_zero_init                    
00004107  __aeabi_d2f                       
000041dd  __aeabi_d2iz                      
00002fc7  __aeabi_dadd                      
00003581  __aeabi_ddiv                      
00003a11  __aeabi_dmul                      
00002fbd  __aeabi_dsub                      
00004269  __aeabi_f2d                       
0000408d  __aeabi_memclr                    
0000408d  __aeabi_memclr4                   
0000408d  __aeabi_memclr8                   
00003e39  __aeabi_memcpy                    
00003e39  __aeabi_memcpy4                   
00003e39  __aeabi_memcpy8                   
0000408f  __aeabi_memset                    
0000408f  __aeabi_memset4                   
0000408f  __aeabi_memset8                   
ffffffff  __binit__                         
ffffffff  __c_args__                        
UNDEFED   __mpu_init                        
20006788  __stack                           
20000000  __start___llvm_prf_cnts           
20000000  __stop___llvm_prf_cnts            
000042d9  _c_int00_noargs                   
UNDEFED   _system_post_cinit                
00004353  _system_pre_init                  
00004357  abort                             
ffffffff  binit                             
00003f25  f_DecodingOrientIntoSteering      
000037ed  f_PID_Steering                    
00004718  g_pCDCCompSerConfigDescriptors    
0000471c  g_pCDCCompSerConfigDescriptorsHS  
20000000  g_pfnRAMVectors                   
00000000  g_pfnVectors                      
00004710  g_ppCDCSerConfigDescriptors       
00004714  g_ppCDCSerConfigDescriptorsHS     
0000481c  g_ppui8StringDescriptors          
2000651c  g_psCDCCompSerSections            
2000652c  g_psCDCCompSerSectionsHS          
2000653c  g_psCDCSerSections                
20006548  g_psCDCSerSectionsHS              
000047d6  g_pui8CDCSerCommInterface         
00004834  g_pui8CDCSerDataInterface         
0000484b  g_pui8CDCSerDataInterfaceHS       
200064ca  g_pui8CDCSerDescriptor            
200064d3  g_pui8CDCSerDeviceDescriptor      
00004750  g_pui8ConfigString                
00004786  g_pui8ControlInterfaceString      
20006554  g_pui8IADSerDescriptor            
000048bc  g_pui8LangDescriptor              
000047b2  g_pui8ManufacturerString          
000047f9  g_pui8ProductString               
00004862  g_pui8SerialNumberString          
20006560  g_pui8USBRxBuffer                 
20006660  g_pui8USBTxBuffer                 
00004874  g_sCDCCompSerConfigHeader         
0000487c  g_sCDCCompSerConfigHeaderHS       
20006390  g_sCDCDevice                      
00004720  g_sCDCHandlers                    
00004884  g_sCDCSerCommInterfaceSection     
0000488c  g_sCDCSerConfigHeader             
00004894  g_sCDCSerConfigHeaderHS           
0000489c  g_sCDCSerConfigSection            
000048a4  g_sCDCSerDataInterfaceSection     
000048ac  g_sCDCSerDataInterfaceSectionHS   
000048b4  g_sIADSerConfigSection            
2000642c  g_sRxBuffer                       
20006464  g_sTxBuffer                       
00003dab  main                              
00003e39  memcpy                            
00004095  memset                            
00000fff  pcTaskGetName                     
00002a41  pcTimerGetName                    
0000394f  pvPortMalloc                      
00000f8f  pvTaskGetThreadLocalStoragePointer
000027dd  pvTimerGetTimerID                 
2000649c  pxCurrentTCB                      
00003bab  pxPortInitialiseStack             
00003d8b  rx_app                            
00003d89  tx_app                            
000048c0  ulMaxSyscallInterruptPriority     
00003c01  ulPortGetIPSR                     
00000f33  ulTaskNotifyTake                  
00003fd5  uxListRemove                      
00002011  uxQueueMessagesWaiting            
0000200d  uxQueueMessagesWaitingFromISR     
00001ff7  uxQueueSpacesAvailable            
00000f2d  uxTaskGetNumberOfTasks            
00000f11  uxTaskGetStackHighWaterMark       
00000ef3  uxTaskPriorityGet                 
00000ed3  uxTaskPriorityGetFromISR          
00000ebf  uxTaskResetEventItemValue         
00003ed5  vGet_OrientationRef               
000032a7  vInit_PID                         
0000378f  vInit_Steppers_Tasks              
00003539  vInit_UART                        
00003335  vInit_USBTasks                    
00003fbf  vListInitialise                   
00003fb9  vListInitialiseItem               
00003f81  vListInsert                       
00003f69  vListInsertEnd                    
00003cbd  vPortEnableVFP                    
00003ba9  vPortEndScheduler                 
00003b91  vPortEnterCritical                
00003b7f  vPortExitCritical                 
00003911  vPortFree                         
0000390f  vPortInitialiseBlocks             
00003c79  vPortSVCHandler                   
00003b33  vPortSetupTimerInterrupt          
00003c99  vPortStartFirstTask               
00001ff3  vQueueDelete                      
00001fab  vQueueWaitForMessageRestricted    
000032e9  vTASK_USBReceive                  
0000330f  vTASK_USBTransmit                 
00000e95  vTaskDelay                        
00000e35  vTaskDelayUntil                   
00000dbd  vTaskDelete                       
00000d81  vTaskEndScheduler                 
00000971  vTaskInternalSetTimeOutState      
00000d73  vTaskMissedYield                  
00000cf5  vTaskNotifyGiveFromISR            
00000cd5  vTaskPlaceOnEventList             
00000cb1  vTaskPlaceOnEventListRestricted   
00000c91  vTaskPlaceOnUnorderedEventList    
00000bfd  vTaskPrioritySet                  
00000baf  vTaskRemoveFromUnorderedEventList 
00000b51  vTaskResume                       
00000b31  vTaskSetThreadLocalStoragePointer 
00000b17  vTaskSetTimeOutState              
00000ac5  vTaskStartScheduler               
00000a3d  vTaskSuspend                      
00000a2d  vTaskSuspendAll                   
000009d5  vTaskSwitchContext                
000031a1  vTask_PID                         
000036b9  vTask_Stepper                     
0000343d  vTask_UART                        
000027b5  vTimerSetReloadMode               
000027a3  vTimerSetTimerID                  
00003909  xPortGetFreeHeapSize              
00003c19  xPortPendSVHandler                
00003b47  xPortStartScheduler               
00003b0d  xPortSysTickHandler               
00001f7b  xQueueGenericCreate               
00001f09  xQueueGenericReset                
00001e0d  xQueueGenericSend                 
00001daf  xQueueGenericSendFromISR          
00001d07  xQueueGiveFromISR                 
00001cfb  xQueueIsQueueEmptyFromISR         
00001ced  xQueueIsQueueFullFromISR          
00001bff  xQueuePeek                        
00001bcd  xQueuePeekFromISR                 
00001add  xQueueReceive                     
00001a81  xQueueReceiveFromISR              
0000197d  xQueueSemaphoreTake               
00000989  xTaskCheckForTimeOut              
00000895  xTaskCreate                       
00000719  xTaskGenericNotify                
00000669  xTaskGenericNotifyFromISR         
0000064d  xTaskGetCurrentTaskHandle         
00000635  xTaskGetSchedulerState            
00000627  xTaskGetTickCount                 
00000621  xTaskGetTickCountFromISR          
0000031b  xTaskIncrementTick                
000005f5  xTaskNotifyStateClear             
00000565  xTaskNotifyWait                   
000004a9  xTaskRemoveFromEventList          
000003eb  xTaskResumeAll                    
0000028d  xTaskResumeFromISR                
0000275b  xTimerCreate                      
0000272f  xTimerCreateTimerTask             
000026b7  xTimerGenericCommand              
000026b3  xTimerGetExpiryTime               
000026af  xTimerGetPeriod                   
000026a9  xTimerGetTimerDaemonTaskHandle    
0000268d  xTimerIsTimerActive               


GLOBAL SYMBOLS: SORTED BY Symbol Address 

address   name                              
-------   ----                              
00000000  __TI_static_base__                
00000000  g_pfnVectors                      
00000200  __STACK_SIZE                      
0000028d  xTaskResumeFromISR                
0000031b  xTaskIncrementTick                
000003eb  xTaskResumeAll                    
000004a9  xTaskRemoveFromEventList          
00000565  xTaskNotifyWait                   
000005f5  xTaskNotifyStateClear             
00000621  xTaskGetTickCountFromISR          
00000627  xTaskGetTickCount                 
00000635  xTaskGetSchedulerState            
0000064d  xTaskGetCurrentTaskHandle         
00000669  xTaskGenericNotifyFromISR         
00000719  xTaskGenericNotify                
00000895  xTaskCreate                       
00000971  vTaskInternalSetTimeOutState      
00000989  xTaskCheckForTimeOut              
000009d5  vTaskSwitchContext                
00000a2d  vTaskSuspendAll                   
00000a3d  vTaskSuspend                      
00000ac5  vTaskStartScheduler               
00000b17  vTaskSetTimeOutState              
00000b31  vTaskSetThreadLocalStoragePointer 
00000b51  vTaskResume                       
00000baf  vTaskRemoveFromUnorderedEventList 
00000bfd  vTaskPrioritySet                  
00000c91  vTaskPlaceOnUnorderedEventList    
00000cb1  vTaskPlaceOnEventListRestricted   
00000cd5  vTaskPlaceOnEventList             
00000cf5  vTaskNotifyGiveFromISR            
00000d73  vTaskMissedYield                  
00000d81  vTaskEndScheduler                 
00000dbd  vTaskDelete                       
00000e35  vTaskDelayUntil                   
00000e95  vTaskDelay                        
00000ebf  uxTaskResetEventItemValue         
00000ed3  uxTaskPriorityGetFromISR          
00000ef3  uxTaskPriorityGet                 
00000f11  uxTaskGetStackHighWaterMark       
00000f2d  uxTaskGetNumberOfTasks            
00000f33  ulTaskNotifyTake                  
00000f8f  pvTaskGetThreadLocalStoragePointer
00000fff  pcTaskGetName                     
0000102d  USBDCDCTxPacketAvailable          
0000103d  USBDCDCTerm                       
0000104d  USBDCDCSetTxCBData                
00001055  USBDCDCSetRxCBData                
0000105d  USBDCDCSetControlCBData           
000012a1  ProcessNotificationToHost         
000012db  ProcessDataFromHost               
00001365  ProcessDataToHost                 
00001651  USBDCDCSerialStateChange          
0000167b  USBDCDCRxPacketAvailable          
000016b7  USBDCDCRemoteWakeupRequest        
000016bd  USBDCDCPowerStatusSet             
000016c3  USBDCDCPacketWrite                
00001739  USBDCDCPacketRead                 
000017df  USBDCDCCompositeInit              
000018ab  USBDCDCInit                       
0000197d  xQueueSemaphoreTake               
00001a81  xQueueReceiveFromISR              
00001add  xQueueReceive                     
00001bcd  xQueuePeekFromISR                 
00001bff  xQueuePeek                        
00001ced  xQueueIsQueueFullFromISR          
00001cfb  xQueueIsQueueEmptyFromISR         
00001d07  xQueueGiveFromISR                 
00001daf  xQueueGenericSendFromISR          
00001e0d  xQueueGenericSend                 
00001f09  xQueueGenericReset                
00001f7b  xQueueGenericCreate               
00001fab  vQueueWaitForMessageRestricted    
00001ff3  vQueueDelete                      
00001ff7  uxQueueSpacesAvailable            
0000200d  uxQueueMessagesWaitingFromISR     
00002011  uxQueueMessagesWaiting            
00002029  GPIOPinWrite                      
0000202f  GPIOPinWakeStatus                 
00002035  GPIODirModeSet                    
00002061  GPIOPadConfigSet                  
00002191  GPIOPinTypeWakeLow                
000021a9  GPIOPinTypeWakeHigh               
000021c1  GPIOPinTypeUSBDigital             
000021d7  GPIOPinTypeUSBAnalog              
000021ed  GPIOPinTypeUART                   
00002203  GPIOPinTypeTrace                  
00002219  GPIOPinTypeTimer                  
0000222f  GPIOPinTypeSSI                    
00002245  GPIOPinTypeQEI                    
0000225b  GPIOPinTypePWM                    
00002271  GPIOPinTypeOneWire                
00002287  GPIOPinTypeLCD                    
0000229d  GPIOPinTypeI2CSCL                 
000022b3  GPIOPinTypeI2C                    
000022c9  GPIOPinTypeHibernateRTCCLK        
000022df  GPIOPinTypeGPIOOutputOD           
000022f7  GPIOPinTypeGPIOOutput             
0000230f  GPIOPinTypeGPIOInput              
00002325  GPIOPinTypeEthernetMII            
0000233b  GPIOPinTypeEthernetLED            
00002351  GPIOPinTypeEPI                    
00002367  GPIOPinTypeDIVSCLK                
0000237d  GPIOPinTypeComparatorOutput       
00002393  GPIOPinTypeComparator             
000023a9  GPIOPinTypeCAN                    
000023bf  GPIOPinTypeADC                    
000023d5  GPIOPinRead                       
000023db  GPIOPinConfigure                  
0000241f  GPIOPadConfigGet                  
000024f5  GPIOIntUnregisterPin              
0000250d  GPIOIntUnregister                 
00002521  GPIOIntTypeSet                    
00002579  GPIOIntTypeGet                    
000025bb  GPIOIntStatus                     
000025c9  GPIOIntRegisterPin                
000025e5  GPIOIntRegister                   
000025fd  GPIOIntEnable                     
00002609  GPIOIntDisable                    
00002617  GPIOIntClear                      
0000261d  GPIODirModeGet                    
00002643  GPIODMATriggerEnable              
0000264f  GPIODMATriggerDisable             
0000265d  GPIOADCTriggerEnable              
00002669  GPIOADCTriggerDisable             
0000268d  xTimerIsTimerActive               
000026a9  xTimerGetTimerDaemonTaskHandle    
000026af  xTimerGetPeriod                   
000026b3  xTimerGetExpiryTime               
000026b7  xTimerGenericCommand              
0000272f  xTimerCreateTimerTask             
0000275b  xTimerCreate                      
000027a3  vTimerSetTimerID                  
000027b5  vTimerSetReloadMode               
000027dd  pvTimerGetTimerID                 
00002a41  pcTimerGetName                    
00002a59  UARTTxIntModeSet                  
00002a65  UARTTxIntModeGet                  
00002a6d  UARTSpaceAvail                    
00002a7b  UARTSmartCardEnable               
00002a91  UARTSmartCardDisable              
00002a9b  UARTRxErrorGet                    
00002aa3  UARTRxErrorClear                  
00002aa9  UARTParityModeSet                 
00002ab5  UARTParityModeGet                 
00002abd  UARTModemStatusGet                
00002ac7  UARTModemControlSet               
00002ad3  UARTModemControlGet               
00002adb  UARTModemControlClear             
00002aed  UARTLoopbackEnable                
00002b21  UARTIntUnregister                 
00002b35  UARTIntStatus                     
00002b3f  UARTIntRegister                   
00002b57  UARTIntEnable                     
00002b5f  UARTIntDisable                    
00002b69  UARTIntClear                      
00002b6d  UARTFlowControlSet                
00002b79  UARTFlowControlGet                
00002b81  UARTFIFOLevelSet                  
00002b87  UARTFIFOLevelGet                  
00002b97  UARTFIFOEnable                    
00002ba1  UARTFIFODisable                   
00002bab  UARTEnableSIR                     
00002bbf  UARTEnable                        
00002bd3  UARTDisableSIR                    
00002bdd  UARTDisable                       
00002bf7  UARTDMAEnable                     
00002bff  UARTDMADisable                    
00002c09  UARTConfigSetExpClk               
00002c4b  UARTConfigGetExpClk               
00002c71  UARTClockSourceSet                
00002c77  UARTClockSourceGet                
00002c7d  UARTCharsAvail                    
00002c8b  UARTCharPutNonBlocking            
00002c99  UARTCharPut                       
00002ca3  UARTCharGetNonBlocking            
00002cb1  UARTCharGet                       
00002cbb  UARTBusy                          
00002cc3  UARTBreakCtl                      
00002cd7  UART9BitEnable                    
00002ce5  UART9BitDisable                   
00002cf3  UART9BitAddrSet                   
00002cfd  UART9BitAddrSend                  
00002d3b  IntUnregister                     
00002d45  IntTrigger                        
00002d4d  IntRegister                       
00002d77  IntPrioritySet                    
00002d97  IntPriorityGroupingSet            
00002dab  IntPriorityGroupingGet            
00002dd1  IntPriorityGet                    
00002deb  IntPendSet                        
00002e35  IntPendClear                      
00002e71  IntMasterEnable                   
00002e81  IntMasterDisable                  
00002e91  IntIsEnabled                      
00002ee9  IntEnable                         
00002f3d  IntDisable                        
00002fbd  __aeabi_dsub                      
00002fc7  __aeabi_dadd                      
000031a1  vTask_PID                         
000032a7  vInit_PID                         
000032e9  vTASK_USBReceive                  
0000330f  vTASK_USBTransmit                 
00003335  vInit_USBTasks                    
000033c3  TxHandler                         
000033d5  RxHandler                         
000033e7  ControlHandler                    
0000343d  vTask_UART                        
00003539  vInit_UART                        
00003581  __aeabi_ddiv                      
000036b9  vTask_Stepper                     
0000378f  vInit_Steppers_Tasks              
000037ed  f_PID_Steering                    
00003909  xPortGetFreeHeapSize              
0000390f  vPortInitialiseBlocks             
00003911  vPortFree                         
0000394f  pvPortMalloc                      
00003a11  __aeabi_dmul                      
00003b0d  xPortSysTickHandler               
00003b33  vPortSetupTimerInterrupt          
00003b47  xPortStartScheduler               
00003b7f  vPortExitCritical                 
00003b91  vPortEnterCritical                
00003ba9  vPortEndScheduler                 
00003bab  pxPortInitialiseStack             
00003c01  ulPortGetIPSR                     
00003c19  xPortPendSVHandler                
00003c79  vPortSVCHandler                   
00003c99  vPortStartFirstTask               
00003cbd  vPortEnableVFP                    
00003ccd  State_Decoding                    
00003d89  tx_app                            
00003d8b  rx_app                            
00003dab  main                              
00003e39  __aeabi_memcpy                    
00003e39  __aeabi_memcpy4                   
00003e39  __aeabi_memcpy8                   
00003e39  memcpy                            
00003ed5  vGet_OrientationRef               
00003f25  f_DecodingOrientIntoSteering      
00003f69  vListInsertEnd                    
00003f81  vListInsert                       
00003fb9  vListInitialiseItem               
00003fbf  vListInitialise                   
00003fd5  uxListRemove                      
00003ffd  UART1_Init                        
0000405d  UART1IntHandler                   
0000408d  __aeabi_memclr                    
0000408d  __aeabi_memclr4                   
0000408d  __aeabi_memclr8                   
0000408f  __aeabi_memset                    
0000408f  __aeabi_memset4                   
0000408f  __aeabi_memset8                   
00004095  memset                            
00004107  __aeabi_d2f                       
00004175  __TI_decompress_lzss              
000041dd  __aeabi_d2iz                      
00004225  __TI_auto_init_nobinit_nopinit    
00004269  __aeabi_f2d                       
000042a1  CPUwfi                            
000042a1  SysCtlSleep                       
000042a5  CPUprimask                        
000042af  CPUcpsie                          
000042bb  CPUcpsid                          
000042c7  CPUbasepriSet                     
000042c7  IntPriorityMaskSet                
000042cd  CPUbasepriGet                     
000042cd  IntPriorityMaskGet                
000042d9  _c_int00_noargs                   
0000430d  USB0DeviceIntHandler              
0000432d  __TI_decompress_none              
0000433b  __TI_zero_init                    
00004347  ResetISR                          
00004353  _system_pre_init                  
00004357  C$$EXIT                           
00004357  abort                             
00004710  g_ppCDCSerConfigDescriptors       
00004714  g_ppCDCSerConfigDescriptorsHS     
00004718  g_pCDCCompSerConfigDescriptors    
0000471c  g_pCDCCompSerConfigDescriptorsHS  
00004720  g_sCDCHandlers                    
00004750  g_pui8ConfigString                
00004786  g_pui8ControlInterfaceString      
000047b2  g_pui8ManufacturerString          
000047d6  g_pui8CDCSerCommInterface         
000047f9  g_pui8ProductString               
0000481c  g_ppui8StringDescriptors          
00004834  g_pui8CDCSerDataInterface         
0000484b  g_pui8CDCSerDataInterfaceHS       
00004862  g_pui8SerialNumberString          
00004874  g_sCDCCompSerConfigHeader         
0000487c  g_sCDCCompSerConfigHeaderHS       
00004884  g_sCDCSerCommInterfaceSection     
0000488c  g_sCDCSerConfigHeader             
00004894  g_sCDCSerConfigHeaderHS           
0000489c  g_sCDCSerConfigSection            
000048a4  g_sCDCSerDataInterfaceSection     
000048ac  g_sCDCSerDataInterfaceSectionHS   
000048b4  g_sIADSerConfigSection            
000048bc  g_pui8LangDescriptor              
000048c0  ulMaxSyscallInterruptPriority     
0000abc4  __TI_Handler_Table_Base           
0000abd0  __TI_Handler_Table_Limit          
0000abe0  __TI_CINIT_Base                   
0000abf8  __TI_CINIT_Limit                  
20000000  __start___llvm_prf_cnts           
20000000  __stop___llvm_prf_cnts            
20000000  g_pfnRAMVectors                   
20006390  g_sCDCDevice                      
2000642c  g_sRxBuffer                       
20006464  g_sTxBuffer                       
2000649c  pxCurrentTCB                      
200064ca  g_pui8CDCSerDescriptor            
200064d3  g_pui8CDCSerDeviceDescriptor      
200064f4  Sem_USBReceive                    
200064f8  Sem_USBTransmit                   
2000650c  Sem_UARTReceive                   
2000651c  g_psCDCCompSerSections            
2000652c  g_psCDCCompSerSectionsHS          
2000653c  g_psCDCSerSections                
20006548  g_psCDCSerSectionsHS              
20006554  g_pui8IADSerDescriptor            
20006560  g_pui8USBRxBuffer                 
20006660  g_pui8USBTxBuffer                 
20006760  Queue_Feedback_Orientation        
20006764  Queue_Desired_Orientation         
20006768  Queue_steering                    
2000676c  Queue_Current_Orientation         
20006788  __stack                           
20006988  __STACK_END                       
20006988  __STACK_TOP                       
ffffffff  __TI_pprof_out_hndl               
ffffffff  __TI_prof_data_size               
ffffffff  __TI_prof_data_start              
ffffffff  __binit__                         
ffffffff  __c_args__                        
ffffffff  binit                             
UNDEFED   InternalUSBRegisterTickHandler    
UNDEFED   InternalUSBTickInit               
UNDEFED   USBBufferEventCallback            
UNDEFED   USBBufferInit                     
UNDEFED   USBBufferRead                     
UNDEFED   USBBufferWrite                    
UNDEFED   USBDCDDeviceInfoInit              
UNDEFED   USBDCDFeatureGet                  
UNDEFED   USBDCDInit                        
UNDEFED   USBDCDPowerStatusSet              
UNDEFED   USBDCDRemoteWakeupRequest         
UNDEFED   USBDCDRequestDataEP0              
UNDEFED   USBDCDSendDataEP0                 
UNDEFED   USBDCDStallEP0                    
UNDEFED   USBDCDTerm                        
UNDEFED   USBDeviceIntHandlerInternal       
UNDEFED   USBStackModeSet                   
UNDEFED   __mpu_init                        
UNDEFED   _system_post_cinit                

[356 symbols]
