<?xml version="1.0" encoding="ISO-8859-1" ?>
<link_info>
   <banner>TI ARM Linker PC v20.2.1.LTS</banner>
   <copyright>Copyright (c) 1996-2018 Texas Instruments Incorporated</copyright>
   <link_time>0x5f775a5f</link_time>
   <link_errors>0x1</link_errors>
   <output_file>USB_STEPPER_PID.out</output_file>
   <entry_point>
      <name>_c_int00_noargs</name>
      <address>0x42d9</address>
   </entry_point>
   <input_file_list>
      <input_file id="fl-2">
         <path>.\</path>
         <kind>object</kind>
         <file>Orientation.obj</file>
         <name>Orientation.obj</name>
      </input_file>
      <input_file id="fl-3">
         <path>.\</path>
         <kind>object</kind>
         <file>PID_Control.obj</file>
         <name>PID_Control.obj</name>
      </input_file>
      <input_file id="fl-4">
         <path>.\</path>
         <kind>object</kind>
         <file>PID_TASKS.obj</file>
         <name>PID_TASKS.obj</name>
      </input_file>
      <input_file id="fl-5">
         <path>.\</path>
         <kind>object</kind>
         <file>STEPPER_TASKS.obj</file>
         <name>STEPPER_TASKS.obj</name>
      </input_file>
      <input_file id="fl-6">
         <path>.\</path>
         <kind>object</kind>
         <file>State_Decode.obj</file>
         <name>State_Decode.obj</name>
      </input_file>
      <input_file id="fl-7">
         <path>.\</path>
         <kind>object</kind>
         <file>UART.obj</file>
         <name>UART.obj</name>
      </input_file>
      <input_file id="fl-8">
         <path>.\</path>
         <kind>object</kind>
         <file>UART_TASK.obj</file>
         <name>UART_TASK.obj</name>
      </input_file>
      <input_file id="fl-9">
         <path>.\</path>
         <kind>object</kind>
         <file>USB_tasks.obj</file>
         <name>USB_tasks.obj</name>
      </input_file>
      <input_file id="fl-a">
         <path>.\</path>
         <kind>object</kind>
         <file>main.obj</file>
         <name>main.obj</name>
      </input_file>
      <input_file id="fl-b">
         <path>.\</path>
         <kind>object</kind>
         <file>tm4c123gh6pm_startup_ccs.obj</file>
         <name>tm4c123gh6pm_startup_ccs.obj</name>
      </input_file>
      <input_file id="fl-c">
         <path>.\</path>
         <kind>object</kind>
         <file>usb_serial_structs.obj</file>
         <name>usb_serial_structs.obj</name>
      </input_file>
      <input_file id="fl-d">
         <path>.\FreeRTOS\</path>
         <kind>object</kind>
         <file>croutine.obj</file>
         <name>croutine.obj</name>
      </input_file>
      <input_file id="fl-e">
         <path>.\FreeRTOS\</path>
         <kind>object</kind>
         <file>event_groups.obj</file>
         <name>event_groups.obj</name>
      </input_file>
      <input_file id="fl-f">
         <path>.\FreeRTOS\</path>
         <kind>object</kind>
         <file>list.obj</file>
         <name>list.obj</name>
      </input_file>
      <input_file id="fl-10">
         <path>.\FreeRTOS\</path>
         <kind>object</kind>
         <file>queue.obj</file>
         <name>queue.obj</name>
      </input_file>
      <input_file id="fl-11">
         <path>.\FreeRTOS\</path>
         <kind>object</kind>
         <file>stream_buffer.obj</file>
         <name>stream_buffer.obj</name>
      </input_file>
      <input_file id="fl-12">
         <path>.\FreeRTOS\</path>
         <kind>object</kind>
         <file>tasks.obj</file>
         <name>tasks.obj</name>
      </input_file>
      <input_file id="fl-13">
         <path>.\FreeRTOS\</path>
         <kind>object</kind>
         <file>timers.obj</file>
         <name>timers.obj</name>
      </input_file>
      <input_file id="fl-14">
         <path>.\FreeRTOS\portable\CCS\ARM_CM4F\</path>
         <kind>object</kind>
         <file>port.obj</file>
         <name>port.obj</name>
      </input_file>
      <input_file id="fl-15">
         <path>.\FreeRTOS\portable\CCS\ARM_CM4F\</path>
         <kind>object</kind>
         <file>portasm.obj</file>
         <name>portasm.obj</name>
      </input_file>
      <input_file id="fl-16">
         <path>.\FreeRTOS\portable\MemMang\</path>
         <kind>object</kind>
         <file>heap_2.obj</file>
         <name>heap_2.obj</name>
      </input_file>
      <input_file id="fl-17">
         <path>.\TivaWARE\driverlib\</path>
         <kind>object</kind>
         <file>cpu.obj</file>
         <name>cpu.obj</name>
      </input_file>
      <input_file id="fl-18">
         <path>.\TivaWARE\driverlib\</path>
         <kind>object</kind>
         <file>fpu.obj</file>
         <name>fpu.obj</name>
      </input_file>
      <input_file id="fl-19">
         <path>.\TivaWARE\driverlib\</path>
         <kind>object</kind>
         <file>gpio.obj</file>
         <name>gpio.obj</name>
      </input_file>
      <input_file id="fl-1a">
         <path>.\TivaWARE\driverlib\</path>
         <kind>object</kind>
         <file>interrupt.obj</file>
         <name>interrupt.obj</name>
      </input_file>
      <input_file id="fl-1b">
         <path>.\TivaWARE\driverlib\</path>
         <kind>object</kind>
         <file>sysctl.obj</file>
         <name>sysctl.obj</name>
      </input_file>
      <input_file id="fl-1c">
         <path>.\TivaWARE\driverlib\</path>
         <kind>object</kind>
         <file>systick.obj</file>
         <name>systick.obj</name>
      </input_file>
      <input_file id="fl-1d">
         <path>.\TivaWARE\driverlib\</path>
         <kind>object</kind>
         <file>uart.obj</file>
         <name>uart.obj</name>
      </input_file>
      <input_file id="fl-1e">
         <path>.\TivaWARE\driverlib\</path>
         <kind>object</kind>
         <file>udma.obj</file>
         <name>udma.obj</name>
      </input_file>
      <input_file id="fl-1f">
         <path>.\TivaWARE\driverlib\</path>
         <kind>object</kind>
         <file>usb.obj</file>
         <name>usb.obj</name>
      </input_file>
      <input_file id="fl-20">
         <path>.\TivaWARE\usblib\device\</path>
         <kind>object</kind>
         <file>usbdcdc.obj</file>
         <name>usbdcdc.obj</name>
      </input_file>
      <input_file id="fl-21">
         <path>.\TivaWARE\usblib\device\</path>
         <kind>object</kind>
         <file>usbdcdesc.obj</file>
         <name>usbdcdesc.obj</name>
      </input_file>
      <input_file id="fl-22">
         <path>.\TivaWARE\usblib\device\</path>
         <kind>object</kind>
         <file>usbdcomp.obj</file>
         <name>usbdcomp.obj</name>
      </input_file>
      <input_file id="fl-23">
         <path>.\TivaWARE\usblib\device\</path>
         <kind>object</kind>
         <file>usbdhandler.obj</file>
         <name>usbdhandler.obj</name>
      </input_file>
      <input_file id="fl-24">
         <path>.\TivaWARE\utils\</path>
         <kind>object</kind>
         <file>ustdlib.obj</file>
         <name>ustdlib.obj</name>
      </input_file>
      <input_file id="fl-28">
         <kind>object</kind>
         <file>&lt;internal&gt;</file>
         <name>&lt;internal&gt;</name>
      </input_file>
      <input_file id="fl-de">
         <path>C:\ti\ccs1010\ccs\tools\compiler\ti-cgt-arm_20.2.1.LTS\lib\</path>
         <kind>archive</kind>
         <file>rtsv7M4_T_le_v4SPD16_eabi.lib</file>
         <name>memset_t2.asm.obj</name>
      </input_file>
      <input_file id="fl-df">
         <path>C:\ti\ccs1010\ccs\tools\compiler\ti-cgt-arm_20.2.1.LTS\lib\</path>
         <kind>archive</kind>
         <file>rtsv7M4_T_le_v4SPD16_eabi.lib</file>
         <name>fd_add_t2.asm.obj</name>
      </input_file>
      <input_file id="fl-e0">
         <path>C:\ti\ccs1010\ccs\tools\compiler\ti-cgt-arm_20.2.1.LTS\lib\</path>
         <kind>archive</kind>
         <file>rtsv7M4_T_le_v4SPD16_eabi.lib</file>
         <name>fd_div_t2.asm.obj</name>
      </input_file>
      <input_file id="fl-e1">
         <path>C:\ti\ccs1010\ccs\tools\compiler\ti-cgt-arm_20.2.1.LTS\lib\</path>
         <kind>archive</kind>
         <file>rtsv7M4_T_le_v4SPD16_eabi.lib</file>
         <name>fd_mul_t2.asm.obj</name>
      </input_file>
      <input_file id="fl-e2">
         <path>C:\ti\ccs1010\ccs\tools\compiler\ti-cgt-arm_20.2.1.LTS\lib\</path>
         <kind>archive</kind>
         <file>rtsv7M4_T_le_v4SPD16_eabi.lib</file>
         <name>fd_toi_t2.asm.obj</name>
      </input_file>
      <input_file id="fl-e3">
         <path>C:\ti\ccs1010\ccs\tools\compiler\ti-cgt-arm_20.2.1.LTS\lib\</path>
         <kind>archive</kind>
         <file>rtsv7M4_T_le_v4SPD16_eabi.lib</file>
         <name>fd_tos_t2.asm.obj</name>
      </input_file>
      <input_file id="fl-e4">
         <path>C:\ti\ccs1010\ccs\tools\compiler\ti-cgt-arm_20.2.1.LTS\lib\</path>
         <kind>archive</kind>
         <file>rtsv7M4_T_le_v4SPD16_eabi.lib</file>
         <name>fs_tod_t2.asm.obj</name>
      </input_file>
      <input_file id="fl-e5">
         <path>C:\ti\ccs1010\ccs\tools\compiler\ti-cgt-arm_20.2.1.LTS\lib\</path>
         <kind>archive</kind>
         <file>rtsv7M4_T_le_v4SPD16_eabi.lib</file>
         <name>memcpy_t2.asm.obj</name>
      </input_file>
      <input_file id="fl-e6">
         <path>C:\ti\ccs1010\ccs\tools\compiler\ti-cgt-arm_20.2.1.LTS\lib\</path>
         <kind>archive</kind>
         <file>rtsv7M4_T_le_v4SPD16_eabi.lib</file>
         <name>u_divt2.asm.obj</name>
      </input_file>
      <input_file id="fl-e7">
         <path>C:\ti\ccs1010\ccs\tools\compiler\ti-cgt-arm_20.2.1.LTS\lib\</path>
         <kind>archive</kind>
         <file>rtsv7M4_T_le_v4SPD16_eabi.lib</file>
         <name>copy_zero_init.c.obj</name>
      </input_file>
      <input_file id="fl-e8">
         <path>C:\ti\ccs1010\ccs\tools\compiler\ti-cgt-arm_20.2.1.LTS\lib\</path>
         <kind>archive</kind>
         <file>rtsv7M4_T_le_v4SPD16_eabi.lib</file>
         <name>copy_decompress_none.c.obj</name>
      </input_file>
      <input_file id="fl-e9">
         <path>C:\ti\ccs1010\ccs\tools\compiler\ti-cgt-arm_20.2.1.LTS\lib\</path>
         <kind>archive</kind>
         <file>rtsv7M4_T_le_v4SPD16_eabi.lib</file>
         <name>copy_decompress_lzss.c.obj</name>
      </input_file>
      <input_file id="fl-ea">
         <path>C:\ti\ccs1010\ccs\tools\compiler\ti-cgt-arm_20.2.1.LTS\lib\</path>
         <kind>archive</kind>
         <file>rtsv7M4_T_le_v4SPD16_eabi.lib</file>
         <name>boot_cortex_m.c.obj</name>
      </input_file>
      <input_file id="fl-eb">
         <path>C:\ti\ccs1010\ccs\tools\compiler\ti-cgt-arm_20.2.1.LTS\lib\</path>
         <kind>archive</kind>
         <file>rtsv7M4_T_le_v4SPD16_eabi.lib</file>
         <name>div0.asm.obj</name>
      </input_file>
      <input_file id="fl-ec">
         <path>C:\ti\ccs1010\ccs\tools\compiler\ti-cgt-arm_20.2.1.LTS\lib\</path>
         <kind>archive</kind>
         <file>rtsv7M4_T_le_v4SPD16_eabi.lib</file>
         <name>autoinit.c.obj</name>
      </input_file>
      <input_file id="fl-ed">
         <path>C:\ti\ccs1010\ccs\tools\compiler\ti-cgt-arm_20.2.1.LTS\lib\</path>
         <kind>archive</kind>
         <file>rtsv7M4_T_le_v4SPD16_eabi.lib</file>
         <name>pre_init.c.obj</name>
      </input_file>
      <input_file id="fl-ee">
         <path>C:\ti\ccs1010\ccs\tools\compiler\ti-cgt-arm_20.2.1.LTS\lib\</path>
         <kind>archive</kind>
         <file>rtsv7M4_T_le_v4SPD16_eabi.lib</file>
         <name>cpy_tbl.c.obj</name>
      </input_file>
      <input_file id="fl-ef">
         <path>C:\ti\ccs1010\ccs\tools\compiler\ti-cgt-arm_20.2.1.LTS\lib\</path>
         <kind>archive</kind>
         <file>rtsv7M4_T_le_v4SPD16_eabi.lib</file>
         <name>exit.c.obj</name>
      </input_file>
      <input_file id="fl-f0">
         <path>C:\ti\ccs1010\ccs\tools\compiler\ti-cgt-arm_20.2.1.LTS\lib\</path>
         <kind>archive</kind>
         <file>rtsv7M4_T_le_v4SPD16_eabi.lib</file>
         <name>_lock.c.obj</name>
      </input_file>
      <input_file id="fl-f1">
         <path>C:\ti\ccs1010\ccs\tools\compiler\ti-cgt-arm_20.2.1.LTS\lib\</path>
         <kind>archive</kind>
         <file>rtsv7M4_T_le_v4SPD16_eabi.lib</file>
         <name>args_main.c.obj</name>
      </input_file>
   </input_file_list>
   <object_component_list>
      <object_component id="oc-12">
         <name>.intvecs</name>
         <load_address>0x0</load_address>
         <run_address>0x0</run_address>
         <size>0x26c</size>
         <input_file_ref idref="fl-b"/>
      </object_component>
      <object_component id="oc-8b">
         <name>.text</name>
         <load_address>0x26c</load_address>
         <run_address>0x26c</run_address>
         <size>0xdc0</size>
         <input_file_ref idref="fl-12"/>
      </object_component>
      <object_component id="oc-263">
         <name>.text</name>
         <load_address>0x102c</load_address>
         <run_address>0x102c</run_address>
         <size>0x8d8</size>
         <input_file_ref idref="fl-20"/>
      </object_component>
      <object_component id="oc-ad">
         <name>.text</name>
         <load_address>0x1904</load_address>
         <run_address>0x1904</run_address>
         <size>0x724</size>
         <input_file_ref idref="fl-10"/>
      </object_component>
      <object_component id="oc-a1">
         <name>.text</name>
         <load_address>0x2028</load_address>
         <run_address>0x2028</run_address>
         <size>0x664</size>
         <input_file_ref idref="fl-19"/>
      </object_component>
      <object_component id="oc-114">
         <name>.text</name>
         <load_address>0x268c</load_address>
         <run_address>0x268c</run_address>
         <size>0x3cc</size>
         <input_file_ref idref="fl-13"/>
      </object_component>
      <object_component id="oc-a7">
         <name>.text</name>
         <load_address>0x2a58</load_address>
         <run_address>0x2a58</run_address>
         <size>0x2e0</size>
         <input_file_ref idref="fl-1d"/>
      </object_component>
      <object_component id="oc-13e">
         <name>.text</name>
         <load_address>0x2d38</load_address>
         <run_address>0x2d38</run_address>
         <size>0x284</size>
         <input_file_ref idref="fl-1a"/>
      </object_component>
      <object_component id="oc-2d1">
         <name>.text</name>
         <load_address>0x2fbc</load_address>
         <run_address>0x2fbc</run_address>
         <size>0x1b6</size>
         <input_file_ref idref="fl-df"/>
      </object_component>
      <object_component id="oc-199">
         <name>.text</name>
         <load_address>0x3174</load_address>
         <run_address>0x3174</run_address>
         <size>0x174</size>
         <input_file_ref idref="fl-4"/>
      </object_component>
      <object_component id="oc-19f">
         <name>.text</name>
         <load_address>0x32e8</load_address>
         <run_address>0x32e8</run_address>
         <size>0x154</size>
         <input_file_ref idref="fl-9"/>
      </object_component>
      <object_component id="oc-1a5">
         <name>.text</name>
         <load_address>0x343c</load_address>
         <run_address>0x343c</run_address>
         <size>0x144</size>
         <input_file_ref idref="fl-8"/>
      </object_component>
      <object_component id="oc-251">
         <name>.text</name>
         <load_address>0x3580</load_address>
         <run_address>0x3580</run_address>
         <size>0x136</size>
         <input_file_ref idref="fl-e0"/>
      </object_component>
      <object_component id="oc-193">
         <name>.text</name>
         <load_address>0x36b8</load_address>
         <run_address>0x36b8</run_address>
         <size>0x134</size>
         <input_file_ref idref="fl-5"/>
      </object_component>
      <object_component id="oc-25b">
         <name>.text</name>
         <load_address>0x37ec</load_address>
         <run_address>0x37ec</run_address>
         <size>0x11c</size>
         <input_file_ref idref="fl-3"/>
      </object_component>
      <object_component id="oc-10e">
         <name>.text</name>
         <load_address>0x3908</load_address>
         <run_address>0x3908</run_address>
         <size>0x108</size>
         <input_file_ref idref="fl-16"/>
      </object_component>
      <object_component id="oc-2cc">
         <name>.text</name>
         <load_address>0x3a10</load_address>
         <run_address>0x3a10</run_address>
         <size>0xfc</size>
         <input_file_ref idref="fl-e1"/>
      </object_component>
      <object_component id="oc-32">
         <name>.text</name>
         <load_address>0x3b0c</load_address>
         <run_address>0x3b0c</run_address>
         <size>0xe4</size>
         <input_file_ref idref="fl-14"/>
      </object_component>
      <object_component id="oc-2d">
         <name>.text</name>
         <load_address>0x3bf0</load_address>
         <run_address>0x3bf0</run_address>
         <size>0xda</size>
         <input_file_ref idref="fl-15"/>
      </object_component>
      <object_component id="oc-18d">
         <name>.text</name>
         <load_address>0x3ccc</load_address>
         <run_address>0x3ccc</run_address>
         <size>0xbc</size>
         <input_file_ref idref="fl-6"/>
      </object_component>
      <object_component id="oc-ea">
         <name>.text</name>
         <load_address>0x3d88</load_address>
         <run_address>0x3d88</run_address>
         <size>0xb0</size>
         <input_file_ref idref="fl-a"/>
      </object_component>
      <object_component id="oc-52">
         <name>.text</name>
         <load_address>0x3e38</load_address>
         <run_address>0x3e38</run_address>
         <size>0x9c</size>
         <input_file_ref idref="fl-e5"/>
      </object_component>
      <object_component id="oc-246">
         <name>.text</name>
         <load_address>0x3ed4</load_address>
         <run_address>0x3ed4</run_address>
         <size>0x94</size>
         <input_file_ref idref="fl-2"/>
      </object_component>
      <object_component id="oc-102">
         <name>.text</name>
         <load_address>0x3f68</load_address>
         <run_address>0x3f68</run_address>
         <size>0x92</size>
         <input_file_ref idref="fl-f"/>
      </object_component>
      <object_component id="oc-38">
         <name>.text</name>
         <load_address>0x3ffc</load_address>
         <run_address>0x3ffc</run_address>
         <size>0x90</size>
         <input_file_ref idref="fl-7"/>
      </object_component>
      <object_component id="oc-de">
         <name>.text</name>
         <load_address>0x408c</load_address>
         <run_address>0x408c</run_address>
         <size>0x7a</size>
         <input_file_ref idref="fl-de"/>
      </object_component>
      <object_component id="oc-2d6">
         <name>.text</name>
         <load_address>0x4106</load_address>
         <run_address>0x4106</run_address>
         <size>0x6e</size>
         <input_file_ref idref="fl-e3"/>
      </object_component>
      <object_component id="oc-15">
         <name>.text:decompress:lzss:__TI_decompress_lzss</name>
         <load_address>0x4174</load_address>
         <run_address>0x4174</run_address>
         <size>0x68</size>
         <input_file_ref idref="fl-e9"/>
      </object_component>
      <object_component id="oc-256">
         <name>.text</name>
         <load_address>0x41dc</load_address>
         <run_address>0x41dc</run_address>
         <size>0x48</size>
         <input_file_ref idref="fl-e2"/>
      </object_component>
      <object_component id="oc-1bd">
         <name>.text:__TI_auto_init_nobinit_nopinit:__TI_auto_init_nobinit_nopinit</name>
         <load_address>0x4224</load_address>
         <run_address>0x4224</run_address>
         <size>0x44</size>
         <input_file_ref idref="fl-ec"/>
      </object_component>
      <object_component id="oc-24c">
         <name>.text</name>
         <load_address>0x4268</load_address>
         <run_address>0x4268</run_address>
         <size>0x38</size>
         <input_file_ref idref="fl-e4"/>
      </object_component>
      <object_component id="oc-219">
         <name>.text</name>
         <load_address>0x42a0</load_address>
         <run_address>0x42a0</run_address>
         <size>0x36</size>
         <input_file_ref idref="fl-17"/>
      </object_component>
      <object_component id="oc-70">
         <name>.text:_c_int00_noargs:_c_int00_noargs</name>
         <load_address>0x42d8</load_address>
         <run_address>0x42d8</run_address>
         <size>0x34</size>
         <input_file_ref idref="fl-ea"/>
      </object_component>
      <object_component id="oc-3e">
         <name>.text</name>
         <load_address>0x430c</load_address>
         <run_address>0x430c</run_address>
         <size>0x20</size>
         <input_file_ref idref="fl-23"/>
      </object_component>
      <object_component id="oc-1b">
         <name>.text:decompress:none:__TI_decompress_none</name>
         <load_address>0x432c</load_address>
         <run_address>0x432c</run_address>
         <size>0xe</size>
         <input_file_ref idref="fl-e8"/>
      </object_component>
      <object_component id="oc-64">
         <name>.text:decompress:ZI:__TI_zero_init</name>
         <load_address>0x433a</load_address>
         <run_address>0x433a</run_address>
         <size>0xc</size>
         <input_file_ref idref="fl-e7"/>
      </object_component>
      <object_component id="oc-27">
         <name>.text</name>
         <load_address>0x4346</load_address>
         <run_address>0x4346</run_address>
         <size>0xc</size>
         <input_file_ref idref="fl-b"/>
      </object_component>
      <object_component id="oc-e4">
         <name>.text:_system_pre_init</name>
         <load_address>0x4352</load_address>
         <run_address>0x4352</run_address>
         <size>0x4</size>
         <input_file_ref idref="fl-ed"/>
      </object_component>
      <object_component id="oc-1b1">
         <name>.text:abort:abort</name>
         <load_address>0x4356</load_address>
         <run_address>0x4356</run_address>
         <size>0x4</size>
         <input_file_ref idref="fl-ef"/>
      </object_component>
      <object_component id="oc-144">
         <name>.const:$O1$$</name>
         <load_address>0x435c</load_address>
         <run_address>0x435c</run_address>
         <size>0x228</size>
         <input_file_ref idref="fl-19"/>
      </object_component>
      <object_component id="oc-222">
         <name>.const:$O1$$</name>
         <load_address>0x4584</load_address>
         <run_address>0x4584</run_address>
         <size>0x10c</size>
         <input_file_ref idref="fl-1a"/>
      </object_component>
      <object_component id="oc-14f">
         <name>.const:$O1$$</name>
         <load_address>0x4690</load_address>
         <run_address>0x4690</run_address>
         <size>0x80</size>
         <input_file_ref idref="fl-1d"/>
      </object_component>
      <object_component id="oc-2e2">
         <name>.const:$O2$$</name>
         <load_address>0x4710</load_address>
         <run_address>0x4710</run_address>
         <size>0x40</size>
         <input_file_ref idref="fl-20"/>
      </object_component>
      <object_component id="oc-35d">
         <name>.const:.string:g_pui8ConfigString</name>
         <load_address>0x4750</load_address>
         <run_address>0x4750</run_address>
         <size>0x36</size>
         <input_file_ref idref="fl-c"/>
      </object_component>
      <object_component id="oc-35a">
         <name>.const:.string:g_pui8ControlInterfaceString</name>
         <load_address>0x4786</load_address>
         <run_address>0x4786</run_address>
         <size>0x2c</size>
         <input_file_ref idref="fl-c"/>
      </object_component>
      <object_component id="oc-351">
         <name>.const:.string:g_pui8ManufacturerString</name>
         <load_address>0x47b2</load_address>
         <run_address>0x47b2</run_address>
         <size>0x24</size>
         <input_file_ref idref="fl-c"/>
      </object_component>
      <object_component id="oc-3aa">
         <name>.const:.string:g_pui8CDCSerCommInterface</name>
         <load_address>0x47d6</load_address>
         <run_address>0x47d6</run_address>
         <size>0x23</size>
         <input_file_ref idref="fl-20"/>
      </object_component>
      <object_component id="oc-354">
         <name>.const:.string:g_pui8ProductString</name>
         <load_address>0x47f9</load_address>
         <run_address>0x47f9</run_address>
         <size>0x22</size>
         <input_file_ref idref="fl-c"/>
      </object_component>
      <object_component id="oc-300">
         <name>.const:g_ppui8StringDescriptors</name>
         <load_address>0x481c</load_address>
         <run_address>0x481c</run_address>
         <size>0x18</size>
         <input_file_ref idref="fl-c"/>
      </object_component>
      <object_component id="oc-3af">
         <name>.const:.string:g_pui8CDCSerDataInterface</name>
         <load_address>0x4834</load_address>
         <run_address>0x4834</run_address>
         <size>0x17</size>
         <input_file_ref idref="fl-20"/>
      </object_component>
      <object_component id="oc-3b4">
         <name>.const:.string:g_pui8CDCSerDataInterfaceHS</name>
         <load_address>0x484b</load_address>
         <run_address>0x484b</run_address>
         <size>0x17</size>
         <input_file_ref idref="fl-20"/>
      </object_component>
      <object_component id="oc-357">
         <name>.const:.string:g_pui8SerialNumberString</name>
         <load_address>0x4862</load_address>
         <run_address>0x4862</run_address>
         <size>0x12</size>
         <input_file_ref idref="fl-c"/>
      </object_component>
      <object_component id="oc-335">
         <name>.const:g_sCDCCompSerConfigHeader</name>
         <load_address>0x4874</load_address>
         <run_address>0x4874</run_address>
         <size>0x8</size>
         <input_file_ref idref="fl-20"/>
      </object_component>
      <object_component id="oc-338">
         <name>.const:g_sCDCCompSerConfigHeaderHS</name>
         <load_address>0x487c</load_address>
         <run_address>0x487c</run_address>
         <size>0x8</size>
         <input_file_ref idref="fl-20"/>
      </object_component>
      <object_component id="oc-394">
         <name>.const:g_sCDCSerCommInterfaceSection</name>
         <load_address>0x4884</load_address>
         <run_address>0x4884</run_address>
         <size>0x8</size>
         <input_file_ref idref="fl-20"/>
      </object_component>
      <object_component id="oc-32f">
         <name>.const:g_sCDCSerConfigHeader</name>
         <load_address>0x488c</load_address>
         <run_address>0x488c</run_address>
         <size>0x8</size>
         <input_file_ref idref="fl-20"/>
      </object_component>
      <object_component id="oc-332">
         <name>.const:g_sCDCSerConfigHeaderHS</name>
         <load_address>0x4894</load_address>
         <run_address>0x4894</run_address>
         <size>0x8</size>
         <input_file_ref idref="fl-20"/>
      </object_component>
      <object_component id="oc-391">
         <name>.const:g_sCDCSerConfigSection</name>
         <load_address>0x489c</load_address>
         <run_address>0x489c</run_address>
         <size>0x8</size>
         <input_file_ref idref="fl-20"/>
      </object_component>
      <object_component id="oc-397">
         <name>.const:g_sCDCSerDataInterfaceSection</name>
         <load_address>0x48a4</load_address>
         <run_address>0x48a4</run_address>
         <size>0x8</size>
         <input_file_ref idref="fl-20"/>
      </object_component>
      <object_component id="oc-39c">
         <name>.const:g_sCDCSerDataInterfaceSectionHS</name>
         <load_address>0x48ac</load_address>
         <run_address>0x48ac</run_address>
         <size>0x8</size>
         <input_file_ref idref="fl-20"/>
      </object_component>
      <object_component id="oc-3a1">
         <name>.const:g_sIADSerConfigSection</name>
         <load_address>0x48b4</load_address>
         <run_address>0x48b4</run_address>
         <size>0x8</size>
         <input_file_ref idref="fl-20"/>
      </object_component>
      <object_component id="oc-34e">
         <name>.const:.string:g_pui8LangDescriptor</name>
         <load_address>0x48bc</load_address>
         <run_address>0x48bc</run_address>
         <size>0x4</size>
         <input_file_ref idref="fl-c"/>
      </object_component>
      <object_component id="oc-88">
         <name>.const</name>
         <load_address>0x48c0</load_address>
         <run_address>0x48c0</run_address>
         <size>0x4</size>
         <input_file_ref idref="fl-14"/>
      </object_component>
      <object_component id="oc-3f2">
         <name>.cinit..data.load</name>
         <load_address>0x48c8</load_address>
         <run_address>0x48c8</run_address>
         <size>0x62fc</size>
      </object_component>
      <object_component id="oc-3ef">
         <name>__TI_handler_table</name>
         <load_address>0xabc4</load_address>
         <run_address>0xabc4</run_address>
         <size>0xc</size>
      </object_component>
      <object_component id="oc-3f3">
         <name>.cinit..bss.load</name>
         <load_address>0xabd0</load_address>
         <run_address>0xabd0</run_address>
         <size>0x8</size>
      </object_component>
      <object_component id="oc-3f1">
         <name>.cinit..vtable.load</name>
         <load_address>0xabd8</load_address>
         <run_address>0xabd8</run_address>
         <size>0x8</size>
      </object_component>
      <object_component id="oc-3f0">
         <name>__TI_cinit_table</name>
         <load_address>0xabe0</load_address>
         <run_address>0xabe0</run_address>
         <size>0x18</size>
      </object_component>
      <object_component id="oc-21f">
         <name>.vtable</name>
         <uninitialized>true</uninitialized>
         <run_address>0x20000000</run_address>
         <size>0x26c</size>
         <input_file_ref idref="fl-1a"/>
      </object_component>
      <object_component id="oc-23a">
         <name>.data:$O1$$</name>
         <load_address>0x200064fc</load_address>
         <run_address>0x200064fc</run_address>
         <size>0x10</size>
         <input_file_ref idref="fl-6"/>
      </object_component>
      <object_component id="oc-b3">
         <name>.data:$O1$$</name>
         <load_address>0x2000650c</load_address>
         <run_address>0x2000650c</run_address>
         <size>0x10</size>
         <input_file_ref idref="fl-8"/>
      </object_component>
      <object_component id="oc-269">
         <name>.data:$O1$$</name>
         <load_address>0x200064e8</load_address>
         <run_address>0x200064e8</run_address>
         <size>0x14</size>
         <input_file_ref idref="fl-9"/>
      </object_component>
      <object_component id="oc-270">
         <name>.data:g_sCDCDevice</name>
         <load_address>0x20006390</load_address>
         <run_address>0x20006390</run_address>
         <size>0x60</size>
         <input_file_ref idref="fl-c"/>
      </object_component>
      <object_component id="oc-1a7">
         <name>.data:g_sRxBuffer</name>
         <load_address>0x2000642c</load_address>
         <run_address>0x2000642c</run_address>
         <size>0x38</size>
         <input_file_ref idref="fl-c"/>
      </object_component>
      <object_component id="oc-1aa">
         <name>.data:g_sTxBuffer</name>
         <load_address>0x20006464</load_address>
         <run_address>0x20006464</run_address>
         <size>0x38</size>
         <input_file_ref idref="fl-c"/>
      </object_component>
      <object_component id="oc-85">
         <name>.data</name>
         <load_address>0x2000649c</load_address>
         <run_address>0x2000649c</run_address>
         <size>0x2c</size>
         <input_file_ref idref="fl-12"/>
      </object_component>
      <object_component id="oc-108">
         <name>.data:$O1$$</name>
         <load_address>0x20006284</load_address>
         <run_address>0x20006284</run_address>
         <size>0x10c</size>
         <input_file_ref idref="fl-12"/>
      </object_component>
      <object_component id="oc-207">
         <name>.data:$O1$$</name>
         <load_address>0x200063f0</load_address>
         <run_address>0x200063f0</run_address>
         <size>0x3c</size>
         <input_file_ref idref="fl-13"/>
      </object_component>
      <object_component id="oc-92">
         <name>.data</name>
         <load_address>0x2000655c</load_address>
         <run_address>0x2000655c</run_address>
         <size>0x4</size>
         <input_file_ref idref="fl-14"/>
      </object_component>
      <object_component id="oc-201">
         <name>.data:$O1$$</name>
         <load_address>0x2000026c</load_address>
         <run_address>0x2000026c</run_address>
         <size>0x6018</size>
         <input_file_ref idref="fl-16"/>
      </object_component>
      <object_component id="oc-3b9">
         <name>.data:g_pui8IADSerDescriptor</name>
         <load_address>0x20006554</load_address>
         <run_address>0x20006554</run_address>
         <size>0x8</size>
         <input_file_ref idref="fl-20"/>
      </object_component>
      <object_component id="oc-371">
         <name>.data:g_psCDCSerSections</name>
         <load_address>0x2000653c</load_address>
         <run_address>0x2000653c</run_address>
         <size>0xc</size>
         <input_file_ref idref="fl-20"/>
      </object_component>
      <object_component id="oc-376">
         <name>.data:g_psCDCSerSectionsHS</name>
         <load_address>0x20006548</load_address>
         <run_address>0x20006548</run_address>
         <size>0xc</size>
         <input_file_ref idref="fl-20"/>
      </object_component>
      <object_component id="oc-37b">
         <name>.data:g_psCDCCompSerSections</name>
         <load_address>0x2000651c</load_address>
         <run_address>0x2000651c</run_address>
         <size>0x10</size>
         <input_file_ref idref="fl-20"/>
      </object_component>
      <object_component id="oc-380">
         <name>.data:g_psCDCCompSerSectionsHS</name>
         <load_address>0x2000652c</load_address>
         <run_address>0x2000652c</run_address>
         <size>0x10</size>
         <input_file_ref idref="fl-20"/>
      </object_component>
      <object_component id="oc-2df">
         <name>.data:$O1$$</name>
         <load_address>0x200064c8</load_address>
         <run_address>0x200064c8</run_address>
         <size>0x20</size>
         <input_file_ref idref="fl-20"/>
      </object_component>
      <object_component id="oc-23e">
         <name>.bss:steering_structure$1</name>
         <uninitialized>true</uninitialized>
         <run_address>0x20006770</run_address>
         <size>0x10</size>
         <input_file_ref idref="fl-5"/>
      </object_component>
      <object_component id="oc-1ad">
         <name>.bss:$O1$$</name>
         <uninitialized>true</uninitialized>
         <run_address>0x20006760</run_address>
         <size>0x10</size>
         <input_file_ref idref="fl-a"/>
      </object_component>
      <object_component id="oc-10b">
         <name>.bss</name>
         <uninitialized>true</uninitialized>
         <run_address>0x20006780</run_address>
         <size>0x8</size>
         <input_file_ref idref="fl-12"/>
      </object_component>
      <object_component id="oc-26c">
         <name>.common:g_pui8USBRxBuffer</name>
         <uninitialized>true</uninitialized>
         <run_address>0x20006560</run_address>
         <size>0x100</size>
      </object_component>
      <object_component id="oc-26f">
         <name>.common:g_pui8USBTxBuffer</name>
         <uninitialized>true</uninitialized>
         <run_address>0x20006660</run_address>
         <size>0x100</size>
      </object_component>
      <object_component id="oc-24">
         <name>.stack</name>
         <uninitialized>true</uninitialized>
         <run_address>0x20006788</run_address>
         <size>0x4</size>
         <input_file_ref idref="fl-ea"/>
      </object_component>
      <object_component id="oc-3f5">
         <name>.stack</name>
         <uninitialized>true</uninitialized>
         <run_address>0x20006788</run_address>
         <size>0x0</size>
      </object_component>
      <object_component id="oc-138">
         <name>.debug_info</name>
         <load_address>0x0</load_address>
         <run_address>0x0</run_address>
         <size>0x3eb</size>
         <input_file_ref idref="fl-2"/>
      </object_component>
      <object_component id="oc-247">
         <name>.debug_info</name>
         <load_address>0x3eb</load_address>
         <run_address>0x3eb</run_address>
         <size>0x2b0</size>
         <input_file_ref idref="fl-2"/>
      </object_component>
      <object_component id="oc-129">
         <name>.debug_info</name>
         <load_address>0x69b</load_address>
         <run_address>0x69b</run_address>
         <size>0x315</size>
         <input_file_ref idref="fl-2"/>
      </object_component>
      <object_component id="oc-c4">
         <name>.debug_info</name>
         <load_address>0x9b0</load_address>
         <run_address>0x9b0</run_address>
         <size>0x26b</size>
         <input_file_ref idref="fl-2"/>
      </object_component>
      <object_component id="oc-133">
         <name>.debug_info</name>
         <load_address>0xc1b</load_address>
         <run_address>0xc1b</run_address>
         <size>0x3e3</size>
         <input_file_ref idref="fl-2"/>
      </object_component>
      <object_component id="oc-16e">
         <name>.debug_info</name>
         <load_address>0xffe</load_address>
         <run_address>0xffe</run_address>
         <size>0x4f</size>
         <input_file_ref idref="fl-2"/>
      </object_component>
      <object_component id="oc-167">
         <name>.debug_info</name>
         <load_address>0x104d</load_address>
         <run_address>0x104d</run_address>
         <size>0x2c</size>
         <input_file_ref idref="fl-2"/>
      </object_component>
      <object_component id="oc-139">
         <name>.debug_info</name>
         <load_address>0x1079</load_address>
         <run_address>0x1079</run_address>
         <size>0x8b</size>
         <input_file_ref idref="fl-2"/>
      </object_component>
      <object_component id="oc-97">
         <name>.debug_info</name>
         <load_address>0x1104</load_address>
         <run_address>0x1104</run_address>
         <size>0x2c</size>
         <input_file_ref idref="fl-2"/>
      </object_component>
      <object_component id="oc-173">
         <name>.debug_info</name>
         <load_address>0x1130</load_address>
         <run_address>0x1130</run_address>
         <size>0x4f</size>
         <input_file_ref idref="fl-2"/>
      </object_component>
      <object_component id="oc-178">
         <name>.debug_info</name>
         <load_address>0x117f</load_address>
         <run_address>0x117f</run_address>
         <size>0x2a4</size>
         <input_file_ref idref="fl-2"/>
      </object_component>
      <object_component id="oc-14a">
         <name>.debug_info</name>
         <load_address>0x1423</load_address>
         <run_address>0x1423</run_address>
         <size>0xef</size>
         <input_file_ref idref="fl-2"/>
      </object_component>
      <object_component id="oc-bd">
         <name>.debug_info</name>
         <load_address>0x1512</load_address>
         <run_address>0x1512</run_address>
         <size>0xbb</size>
         <input_file_ref idref="fl-2"/>
      </object_component>
      <object_component id="oc-124">
         <name>.debug_info</name>
         <load_address>0x15cd</load_address>
         <run_address>0x15cd</run_address>
         <size>0x53</size>
         <input_file_ref idref="fl-2"/>
      </object_component>
      <object_component id="oc-9c">
         <name>.debug_info</name>
         <load_address>0x1620</load_address>
         <run_address>0x1620</run_address>
         <size>0x53</size>
         <input_file_ref idref="fl-2"/>
      </object_component>
      <object_component id="oc-12e">
         <name>.debug_info</name>
         <load_address>0x1673</load_address>
         <run_address>0x1673</run_address>
         <size>0x14c</size>
         <input_file_ref idref="fl-2"/>
      </object_component>
      <object_component id="oc-2dc">
         <name>.debug_info</name>
         <load_address>0x17bf</load_address>
         <run_address>0x17bf</run_address>
         <size>0x3e6</size>
         <input_file_ref idref="fl-3"/>
      </object_component>
      <object_component id="oc-25c">
         <name>.debug_info</name>
         <load_address>0x1ba5</load_address>
         <run_address>0x1ba5</run_address>
         <size>0x368</size>
         <input_file_ref idref="fl-3"/>
      </object_component>
      <object_component id="oc-4d">
         <name>.debug_info</name>
         <load_address>0x1f0d</load_address>
         <run_address>0x1f0d</run_address>
         <size>0x84</size>
         <input_file_ref idref="fl-3"/>
      </object_component>
      <object_component id="oc-262">
         <name>.debug_info</name>
         <load_address>0x1f91</load_address>
         <run_address>0x1f91</run_address>
         <size>0x5e3</size>
         <input_file_ref idref="fl-4"/>
      </object_component>
      <object_component id="oc-19b">
         <name>.debug_info</name>
         <load_address>0x2574</load_address>
         <run_address>0x2574</run_address>
         <size>0x509</size>
         <input_file_ref idref="fl-4"/>
      </object_component>
      <object_component id="oc-245">
         <name>.debug_info</name>
         <load_address>0x2a7d</load_address>
         <run_address>0x2a7d</run_address>
         <size>0x474</size>
         <input_file_ref idref="fl-5"/>
      </object_component>
      <object_component id="oc-194">
         <name>.debug_info</name>
         <load_address>0x2ef1</load_address>
         <run_address>0x2ef1</run_address>
         <size>0x461</size>
         <input_file_ref idref="fl-5"/>
      </object_component>
      <object_component id="oc-240">
         <name>.debug_info</name>
         <load_address>0x3352</load_address>
         <run_address>0x3352</run_address>
         <size>0xc2</size>
         <input_file_ref idref="fl-5"/>
      </object_component>
      <object_component id="oc-23c">
         <name>.debug_info</name>
         <load_address>0x3414</load_address>
         <run_address>0x3414</run_address>
         <size>0x4bc</size>
         <input_file_ref idref="fl-6"/>
      </object_component>
      <object_component id="oc-18e">
         <name>.debug_info</name>
         <load_address>0x38d0</load_address>
         <run_address>0x38d0</run_address>
         <size>0x294</size>
         <input_file_ref idref="fl-6"/>
      </object_component>
      <object_component id="oc-ba">
         <name>.debug_info</name>
         <load_address>0x3b64</load_address>
         <run_address>0x3b64</run_address>
         <size>0x363</size>
         <input_file_ref idref="fl-7"/>
      </object_component>
      <object_component id="oc-3b">
         <name>.debug_info</name>
         <load_address>0x3ec7</load_address>
         <run_address>0x3ec7</run_address>
         <size>0x20c</size>
         <input_file_ref idref="fl-7"/>
      </object_component>
      <object_component id="oc-163">
         <name>.debug_info</name>
         <load_address>0x40d3</load_address>
         <run_address>0x40d3</run_address>
         <size>0x607</size>
         <input_file_ref idref="fl-8"/>
      </object_component>
      <object_component id="oc-b7">
         <name>.debug_info</name>
         <load_address>0x46da</load_address>
         <run_address>0x46da</run_address>
         <size>0xd9</size>
         <input_file_ref idref="fl-8"/>
      </object_component>
      <object_component id="oc-b4">
         <name>.debug_info</name>
         <load_address>0x47b3</load_address>
         <run_address>0x47b3</run_address>
         <size>0x2c0</size>
         <input_file_ref idref="fl-8"/>
      </object_component>
      <object_component id="oc-274">
         <name>.debug_info</name>
         <load_address>0x4a73</load_address>
         <run_address>0x4a73</run_address>
         <size>0x964</size>
         <input_file_ref idref="fl-9"/>
      </object_component>
      <object_component id="oc-26a">
         <name>.debug_info</name>
         <load_address>0x53d7</load_address>
         <run_address>0x53d7</run_address>
         <size>0x186</size>
         <input_file_ref idref="fl-9"/>
      </object_component>
      <object_component id="oc-1a0">
         <name>.debug_info</name>
         <load_address>0x555d</load_address>
         <run_address>0x555d</run_address>
         <size>0x624</size>
         <input_file_ref idref="fl-9"/>
      </object_component>
      <object_component id="oc-2f6">
         <name>.debug_info</name>
         <load_address>0x5b81</load_address>
         <run_address>0x5b81</run_address>
         <size>0x33f</size>
         <input_file_ref idref="fl-9"/>
      </object_component>
      <object_component id="oc-2fb">
         <name>.debug_info</name>
         <load_address>0x5ec0</load_address>
         <run_address>0x5ec0</run_address>
         <size>0x234</size>
         <input_file_ref idref="fl-9"/>
      </object_component>
      <object_component id="oc-279">
         <name>.debug_info</name>
         <load_address>0x60f4</load_address>
         <run_address>0x60f4</run_address>
         <size>0xa85</size>
         <input_file_ref idref="fl-9"/>
      </object_component>
      <object_component id="oc-2ed">
         <name>.debug_info</name>
         <load_address>0x6b79</load_address>
         <run_address>0x6b79</run_address>
         <size>0x8c</size>
         <input_file_ref idref="fl-9"/>
      </object_component>
      <object_component id="oc-344">
         <name>.debug_info</name>
         <load_address>0x6c05</load_address>
         <run_address>0x6c05</run_address>
         <size>0xe4</size>
         <input_file_ref idref="fl-9"/>
      </object_component>
      <object_component id="oc-1ae">
         <name>.debug_info</name>
         <load_address>0x6ce9</load_address>
         <run_address>0x6ce9</run_address>
         <size>0x19d</size>
         <input_file_ref idref="fl-a"/>
      </object_component>
      <object_component id="oc-ed">
         <name>.debug_info</name>
         <load_address>0x6e86</load_address>
         <run_address>0x6e86</run_address>
         <size>0x2be</size>
         <input_file_ref idref="fl-a"/>
      </object_component>
      <object_component id="oc-46">
         <name>.debug_info</name>
         <load_address>0x7144</load_address>
         <run_address>0x7144</run_address>
         <size>0x24b</size>
         <input_file_ref idref="fl-b"/>
      </object_component>
      <object_component id="oc-13">
         <name>.debug_info</name>
         <load_address>0x738f</load_address>
         <run_address>0x738f</run_address>
         <size>0xe2</size>
         <input_file_ref idref="fl-b"/>
      </object_component>
      <object_component id="oc-28">
         <name>.debug_info</name>
         <load_address>0x7471</load_address>
         <run_address>0x7471</run_address>
         <size>0x25f</size>
         <input_file_ref idref="fl-b"/>
      </object_component>
      <object_component id="oc-26d">
         <name>.debug_info</name>
         <load_address>0x76d0</load_address>
         <run_address>0x76d0</run_address>
         <size>0x57d</size>
         <input_file_ref idref="fl-c"/>
      </object_component>
      <object_component id="oc-34f">
         <name>.debug_info</name>
         <load_address>0x7c4d</load_address>
         <run_address>0x7c4d</run_address>
         <size>0xec</size>
         <input_file_ref idref="fl-c"/>
      </object_component>
      <object_component id="oc-352">
         <name>.debug_info</name>
         <load_address>0x7d39</load_address>
         <run_address>0x7d39</run_address>
         <size>0xf4</size>
         <input_file_ref idref="fl-c"/>
      </object_component>
      <object_component id="oc-355">
         <name>.debug_info</name>
         <load_address>0x7e2d</load_address>
         <run_address>0x7e2d</run_address>
         <size>0xea</size>
         <input_file_ref idref="fl-c"/>
      </object_component>
      <object_component id="oc-358">
         <name>.debug_info</name>
         <load_address>0x7f17</load_address>
         <run_address>0x7f17</run_address>
         <size>0xf4</size>
         <input_file_ref idref="fl-c"/>
      </object_component>
      <object_component id="oc-35b">
         <name>.debug_info</name>
         <load_address>0x800b</load_address>
         <run_address>0x800b</run_address>
         <size>0xfc</size>
         <input_file_ref idref="fl-c"/>
      </object_component>
      <object_component id="oc-35e">
         <name>.debug_info</name>
         <load_address>0x8107</load_address>
         <run_address>0x8107</run_address>
         <size>0xe8</size>
         <input_file_ref idref="fl-c"/>
      </object_component>
      <object_component id="oc-301">
         <name>.debug_info</name>
         <load_address>0x81ef</load_address>
         <run_address>0x81ef</run_address>
         <size>0xf4</size>
         <input_file_ref idref="fl-c"/>
      </object_component>
      <object_component id="oc-271">
         <name>.debug_info</name>
         <load_address>0x82e3</load_address>
         <run_address>0x82e3</run_address>
         <size>0xdc</size>
         <input_file_ref idref="fl-c"/>
      </object_component>
      <object_component id="oc-1a8">
         <name>.debug_info</name>
         <load_address>0x83bf</load_address>
         <run_address>0x83bf</run_address>
         <size>0xda</size>
         <input_file_ref idref="fl-c"/>
      </object_component>
      <object_component id="oc-1ab">
         <name>.debug_info</name>
         <load_address>0x8499</load_address>
         <run_address>0x8499</run_address>
         <size>0xda</size>
         <input_file_ref idref="fl-c"/>
      </object_component>
      <object_component id="oc-237">
         <name>.debug_info</name>
         <load_address>0x8573</load_address>
         <run_address>0x8573</run_address>
         <size>0x657</size>
         <input_file_ref idref="fl-e"/>
      </object_component>
      <object_component id="oc-15c">
         <name>.debug_info</name>
         <load_address>0x8bca</load_address>
         <run_address>0x8bca</run_address>
         <size>0x110</size>
         <input_file_ref idref="fl-e"/>
      </object_component>
      <object_component id="oc-1f6">
         <name>.debug_info</name>
         <load_address>0x8cda</load_address>
         <run_address>0x8cda</run_address>
         <size>0x3e3</size>
         <input_file_ref idref="fl-e"/>
      </object_component>
      <object_component id="oc-2ba">
         <name>.debug_info</name>
         <load_address>0x90bd</load_address>
         <run_address>0x90bd</run_address>
         <size>0x62</size>
         <input_file_ref idref="fl-e"/>
      </object_component>
      <object_component id="oc-2bf">
         <name>.debug_info</name>
         <load_address>0x911f</load_address>
         <run_address>0x911f</run_address>
         <size>0x39</size>
         <input_file_ref idref="fl-e"/>
      </object_component>
      <object_component id="oc-1fc">
         <name>.debug_info</name>
         <load_address>0x9158</load_address>
         <run_address>0x9158</run_address>
         <size>0x358</size>
         <input_file_ref idref="fl-f"/>
      </object_component>
      <object_component id="oc-105">
         <name>.debug_info</name>
         <load_address>0x94b0</load_address>
         <run_address>0x94b0</run_address>
         <size>0x493</size>
         <input_file_ref idref="fl-f"/>
      </object_component>
      <object_component id="oc-15b">
         <name>.debug_info</name>
         <load_address>0x9943</load_address>
         <run_address>0x9943</run_address>
         <size>0x710</size>
         <input_file_ref idref="fl-10"/>
      </object_component>
      <object_component id="oc-af">
         <name>.debug_info</name>
         <load_address>0xa053</load_address>
         <run_address>0xa053</run_address>
         <size>0x2307</size>
         <input_file_ref idref="fl-10"/>
      </object_component>
      <object_component id="oc-232">
         <name>.debug_info</name>
         <load_address>0xc35a</load_address>
         <run_address>0xc35a</run_address>
         <size>0x1c7</size>
         <input_file_ref idref="fl-10"/>
      </object_component>
      <object_component id="oc-156">
         <name>.debug_info</name>
         <load_address>0xc521</load_address>
         <run_address>0xc521</run_address>
         <size>0x46</size>
         <input_file_ref idref="fl-10"/>
      </object_component>
      <object_component id="oc-184">
         <name>.debug_info</name>
         <load_address>0xc567</load_address>
         <run_address>0xc567</run_address>
         <size>0x2c</size>
         <input_file_ref idref="fl-11"/>
      </object_component>
      <object_component id="oc-fe">
         <name>.debug_info</name>
         <load_address>0xc593</load_address>
         <run_address>0xc593</run_address>
         <size>0x919</size>
         <input_file_ref idref="fl-12"/>
      </object_component>
      <object_component id="oc-86">
         <name>.debug_info</name>
         <load_address>0xceac</load_address>
         <run_address>0xceac</run_address>
         <size>0x2e3</size>
         <input_file_ref idref="fl-12"/>
      </object_component>
      <object_component id="oc-10c">
         <name>.debug_info</name>
         <load_address>0xd18f</load_address>
         <run_address>0xd18f</run_address>
         <size>0x125</size>
         <input_file_ref idref="fl-12"/>
      </object_component>
      <object_component id="oc-109">
         <name>.debug_info</name>
         <load_address>0xd2b4</load_address>
         <run_address>0xd2b4</run_address>
         <size>0x249</size>
         <input_file_ref idref="fl-12"/>
      </object_component>
      <object_component id="oc-8c">
         <name>.debug_info</name>
         <load_address>0xd4fd</load_address>
         <run_address>0xd4fd</run_address>
         <size>0x37e9</size>
         <input_file_ref idref="fl-12"/>
      </object_component>
      <object_component id="oc-11b">
         <name>.debug_info</name>
         <load_address>0x10ce6</load_address>
         <run_address>0x10ce6</run_address>
         <size>0x30c</size>
         <input_file_ref idref="fl-12"/>
      </object_component>
      <object_component id="oc-1f1">
         <name>.debug_info</name>
         <load_address>0x10ff2</load_address>
         <run_address>0x10ff2</run_address>
         <size>0x105</size>
         <input_file_ref idref="fl-12"/>
      </object_component>
      <object_component id="oc-210">
         <name>.debug_info</name>
         <load_address>0x110f7</load_address>
         <run_address>0x110f7</run_address>
         <size>0x930</size>
         <input_file_ref idref="fl-13"/>
      </object_component>
      <object_component id="oc-208">
         <name>.debug_info</name>
         <load_address>0x11a27</load_address>
         <run_address>0x11a27</run_address>
         <size>0x1d4</size>
         <input_file_ref idref="fl-13"/>
      </object_component>
      <object_component id="oc-115">
         <name>.debug_info</name>
         <load_address>0x11bfb</load_address>
         <run_address>0x11bfb</run_address>
         <size>0x1518</size>
         <input_file_ref idref="fl-13"/>
      </object_component>
      <object_component id="oc-212">
         <name>.debug_info</name>
         <load_address>0x13113</load_address>
         <run_address>0x13113</run_address>
         <size>0x1ba</size>
         <input_file_ref idref="fl-13"/>
      </object_component>
      <object_component id="oc-20b">
         <name>.debug_info</name>
         <load_address>0x132cd</load_address>
         <run_address>0x132cd</run_address>
         <size>0x46</size>
         <input_file_ref idref="fl-13"/>
      </object_component>
      <object_component id="oc-96">
         <name>.debug_info</name>
         <load_address>0x13313</load_address>
         <run_address>0x13313</run_address>
         <size>0x43e</size>
         <input_file_ref idref="fl-14"/>
      </object_component>
      <object_component id="oc-89">
         <name>.debug_info</name>
         <load_address>0x13751</load_address>
         <run_address>0x13751</run_address>
         <size>0x10f</size>
         <input_file_ref idref="fl-14"/>
      </object_component>
      <object_component id="oc-93">
         <name>.debug_info</name>
         <load_address>0x13860</load_address>
         <run_address>0x13860</run_address>
         <size>0xf6</size>
         <input_file_ref idref="fl-14"/>
      </object_component>
      <object_component id="oc-33">
         <name>.debug_info</name>
         <load_address>0x13956</load_address>
         <run_address>0x13956</run_address>
         <size>0x6a3</size>
         <input_file_ref idref="fl-14"/>
      </object_component>
      <object_component id="oc-2e">
         <name>.debug_info</name>
         <load_address>0x13ff9</load_address>
         <run_address>0x13ff9</run_address>
         <size>0x244</size>
         <input_file_ref idref="fl-15"/>
      </object_component>
      <object_component id="oc-205">
         <name>.debug_info</name>
         <load_address>0x1423d</load_address>
         <run_address>0x1423d</run_address>
         <size>0x4d7</size>
         <input_file_ref idref="fl-16"/>
      </object_component>
      <object_component id="oc-202">
         <name>.debug_info</name>
         <load_address>0x14714</load_address>
         <run_address>0x14714</run_address>
         <size>0x147</size>
         <input_file_ref idref="fl-16"/>
      </object_component>
      <object_component id="oc-110">
         <name>.debug_info</name>
         <load_address>0x1485b</load_address>
         <run_address>0x1485b</run_address>
         <size>0x4e9</size>
         <input_file_ref idref="fl-16"/>
      </object_component>
      <object_component id="oc-2a6">
         <name>.debug_info</name>
         <load_address>0x14d44</load_address>
         <run_address>0x14d44</run_address>
         <size>0x62</size>
         <input_file_ref idref="fl-16"/>
      </object_component>
      <object_component id="oc-21c">
         <name>.debug_info</name>
         <load_address>0x14da6</load_address>
         <run_address>0x14da6</run_address>
         <size>0x37e</size>
         <input_file_ref idref="fl-17"/>
      </object_component>
      <object_component id="oc-148">
         <name>.debug_info</name>
         <load_address>0x15124</load_address>
         <run_address>0x15124</run_address>
         <size>0x477</size>
         <input_file_ref idref="fl-19"/>
      </object_component>
      <object_component id="oc-145">
         <name>.debug_info</name>
         <load_address>0x1559b</load_address>
         <run_address>0x1559b</run_address>
         <size>0x17a</size>
         <input_file_ref idref="fl-19"/>
      </object_component>
      <object_component id="oc-a4">
         <name>.debug_info</name>
         <load_address>0x15715</load_address>
         <run_address>0x15715</run_address>
         <size>0x3131</size>
         <input_file_ref idref="fl-19"/>
      </object_component>
      <object_component id="oc-226">
         <name>.debug_info</name>
         <load_address>0x18846</load_address>
         <run_address>0x18846</run_address>
         <size>0x473</size>
         <input_file_ref idref="fl-1a"/>
      </object_component>
      <object_component id="oc-220">
         <name>.debug_info</name>
         <load_address>0x18cb9</load_address>
         <run_address>0x18cb9</run_address>
         <size>0xec</size>
         <input_file_ref idref="fl-1a"/>
      </object_component>
      <object_component id="oc-223">
         <name>.debug_info</name>
         <load_address>0x18da5</load_address>
         <run_address>0x18da5</run_address>
         <size>0x1cb</size>
         <input_file_ref idref="fl-1a"/>
      </object_component>
      <object_component id="oc-141">
         <name>.debug_info</name>
         <load_address>0x18f70</load_address>
         <run_address>0x18f70</run_address>
         <size>0xc79</size>
         <input_file_ref idref="fl-1a"/>
      </object_component>
      <object_component id="oc-153">
         <name>.debug_info</name>
         <load_address>0x19be9</load_address>
         <run_address>0x19be9</run_address>
         <size>0x3fa</size>
         <input_file_ref idref="fl-1d"/>
      </object_component>
      <object_component id="oc-150">
         <name>.debug_info</name>
         <load_address>0x19fe3</load_address>
         <run_address>0x19fe3</run_address>
         <size>0x132</size>
         <input_file_ref idref="fl-1d"/>
      </object_component>
      <object_component id="oc-ab">
         <name>.debug_info</name>
         <load_address>0x1a115</load_address>
         <run_address>0x1a115</run_address>
         <size>0x298e</size>
         <input_file_ref idref="fl-1d"/>
      </object_component>
      <object_component id="oc-2e6">
         <name>.debug_info</name>
         <load_address>0x1caa3</load_address>
         <run_address>0x1caa3</run_address>
         <size>0xac1</size>
         <input_file_ref idref="fl-20"/>
      </object_component>
      <object_component id="oc-392">
         <name>.debug_info</name>
         <load_address>0x1d564</load_address>
         <run_address>0x1d564</run_address>
         <size>0xfc</size>
         <input_file_ref idref="fl-20"/>
      </object_component>
      <object_component id="oc-3ba">
         <name>.debug_info</name>
         <load_address>0x1d660</load_address>
         <run_address>0x1d660</run_address>
         <size>0xfc</size>
         <input_file_ref idref="fl-20"/>
      </object_component>
      <object_component id="oc-3a2">
         <name>.debug_info</name>
         <load_address>0x1d75c</load_address>
         <run_address>0x1d75c</run_address>
         <size>0xfd</size>
         <input_file_ref idref="fl-20"/>
      </object_component>
      <object_component id="oc-3ab">
         <name>.debug_info</name>
         <load_address>0x1d859</load_address>
         <run_address>0x1d859</run_address>
         <size>0x103</size>
         <input_file_ref idref="fl-20"/>
      </object_component>
      <object_component id="oc-395">
         <name>.debug_info</name>
         <load_address>0x1d95c</load_address>
         <run_address>0x1d95c</run_address>
         <size>0x10b</size>
         <input_file_ref idref="fl-20"/>
      </object_component>
      <object_component id="oc-3b0">
         <name>.debug_info</name>
         <load_address>0x1da67</load_address>
         <run_address>0x1da67</run_address>
         <size>0x103</size>
         <input_file_ref idref="fl-20"/>
      </object_component>
      <object_component id="oc-398">
         <name>.debug_info</name>
         <load_address>0x1db6a</load_address>
         <run_address>0x1db6a</run_address>
         <size>0x10b</size>
         <input_file_ref idref="fl-20"/>
      </object_component>
      <object_component id="oc-3b5">
         <name>.debug_info</name>
         <load_address>0x1dc75</load_address>
         <run_address>0x1dc75</run_address>
         <size>0x107</size>
         <input_file_ref idref="fl-20"/>
      </object_component>
      <object_component id="oc-39d">
         <name>.debug_info</name>
         <load_address>0x1dd7c</load_address>
         <run_address>0x1dd7c</run_address>
         <size>0x10f</size>
         <input_file_ref idref="fl-20"/>
      </object_component>
      <object_component id="oc-372">
         <name>.debug_info</name>
         <load_address>0x1de8b</load_address>
         <run_address>0x1de8b</run_address>
         <size>0xf5</size>
         <input_file_ref idref="fl-20"/>
      </object_component>
      <object_component id="oc-377">
         <name>.debug_info</name>
         <load_address>0x1df80</load_address>
         <run_address>0x1df80</run_address>
         <size>0xf9</size>
         <input_file_ref idref="fl-20"/>
      </object_component>
      <object_component id="oc-330">
         <name>.debug_info</name>
         <load_address>0x1e079</load_address>
         <run_address>0x1e079</run_address>
         <size>0xfb</size>
         <input_file_ref idref="fl-20"/>
      </object_component>
      <object_component id="oc-333">
         <name>.debug_info</name>
         <load_address>0x1e174</load_address>
         <run_address>0x1e174</run_address>
         <size>0xff</size>
         <input_file_ref idref="fl-20"/>
      </object_component>
      <object_component id="oc-37c">
         <name>.debug_info</name>
         <load_address>0x1e273</load_address>
         <run_address>0x1e273</run_address>
         <size>0xfd</size>
         <input_file_ref idref="fl-20"/>
      </object_component>
      <object_component id="oc-381">
         <name>.debug_info</name>
         <load_address>0x1e370</load_address>
         <run_address>0x1e370</run_address>
         <size>0x101</size>
         <input_file_ref idref="fl-20"/>
      </object_component>
      <object_component id="oc-336">
         <name>.debug_info</name>
         <load_address>0x1e471</load_address>
         <run_address>0x1e471</run_address>
         <size>0x103</size>
         <input_file_ref idref="fl-20"/>
      </object_component>
      <object_component id="oc-339">
         <name>.debug_info</name>
         <load_address>0x1e574</load_address>
         <run_address>0x1e574</run_address>
         <size>0x107</size>
         <input_file_ref idref="fl-20"/>
      </object_component>
      <object_component id="oc-2e0">
         <name>.debug_info</name>
         <load_address>0x1e67b</load_address>
         <run_address>0x1e67b</run_address>
         <size>0x17c</size>
         <input_file_ref idref="fl-20"/>
      </object_component>
      <object_component id="oc-2e3">
         <name>.debug_info</name>
         <load_address>0x1e7f7</load_address>
         <run_address>0x1e7f7</run_address>
         <size>0x221</size>
         <input_file_ref idref="fl-20"/>
      </object_component>
      <object_component id="oc-265">
         <name>.debug_info</name>
         <load_address>0x1ea18</load_address>
         <run_address>0x1ea18</run_address>
         <size>0x276b</size>
         <input_file_ref idref="fl-20"/>
      </object_component>
      <object_component id="oc-33f">
         <name>.debug_info</name>
         <load_address>0x21183</load_address>
         <run_address>0x21183</run_address>
         <size>0x234</size>
         <input_file_ref idref="fl-20"/>
      </object_component>
      <object_component id="oc-2e8">
         <name>.debug_info</name>
         <load_address>0x213b7</load_address>
         <run_address>0x213b7</run_address>
         <size>0xa7b</size>
         <input_file_ref idref="fl-20"/>
      </object_component>
      <object_component id="oc-349">
         <name>.debug_info</name>
         <load_address>0x21e32</load_address>
         <run_address>0x21e32</run_address>
         <size>0x242</size>
         <input_file_ref idref="fl-20"/>
      </object_component>
      <object_component id="oc-41">
         <name>.debug_info</name>
         <load_address>0x22074</load_address>
         <run_address>0x22074</run_address>
         <size>0x1a8</size>
         <input_file_ref idref="fl-23"/>
      </object_component>
      <object_component id="oc-e1">
         <name>.debug_info</name>
         <load_address>0x2221c</load_address>
         <run_address>0x2221c</run_address>
         <size>0x147</size>
         <input_file_ref idref="fl-de"/>
      </object_component>
      <object_component id="oc-2d2">
         <name>.debug_info</name>
         <load_address>0x22363</load_address>
         <run_address>0x22363</run_address>
         <size>0x14c</size>
         <input_file_ref idref="fl-df"/>
      </object_component>
      <object_component id="oc-254">
         <name>.debug_info</name>
         <load_address>0x224af</load_address>
         <run_address>0x224af</run_address>
         <size>0x13a</size>
         <input_file_ref idref="fl-e0"/>
      </object_component>
      <object_component id="oc-2cd">
         <name>.debug_info</name>
         <load_address>0x225e9</load_address>
         <run_address>0x225e9</run_address>
         <size>0x13a</size>
         <input_file_ref idref="fl-e1"/>
      </object_component>
      <object_component id="oc-257">
         <name>.debug_info</name>
         <load_address>0x22723</load_address>
         <run_address>0x22723</run_address>
         <size>0x12e</size>
         <input_file_ref idref="fl-e2"/>
      </object_component>
      <object_component id="oc-2d7">
         <name>.debug_info</name>
         <load_address>0x22851</load_address>
         <run_address>0x22851</run_address>
         <size>0x13e</size>
         <input_file_ref idref="fl-e3"/>
      </object_component>
      <object_component id="oc-24f">
         <name>.debug_info</name>
         <load_address>0x2298f</load_address>
         <run_address>0x2298f</run_address>
         <size>0x12c</size>
         <input_file_ref idref="fl-e4"/>
      </object_component>
      <object_component id="oc-53">
         <name>.debug_info</name>
         <load_address>0x22abb</load_address>
         <run_address>0x22abb</run_address>
         <size>0x119</size>
         <input_file_ref idref="fl-e5"/>
      </object_component>
      <object_component id="oc-dd">
         <name>.debug_info</name>
         <load_address>0x22bd4</load_address>
         <run_address>0x22bd4</run_address>
         <size>0x2d4</size>
         <input_file_ref idref="fl-e7"/>
      </object_component>
      <object_component id="oc-65">
         <name>.debug_info</name>
         <load_address>0x22ea8</load_address>
         <run_address>0x22ea8</run_address>
         <size>0x1b5</size>
         <input_file_ref idref="fl-e7"/>
      </object_component>
      <object_component id="oc-d8">
         <name>.debug_info</name>
         <load_address>0x2305d</load_address>
         <run_address>0x2305d</run_address>
         <size>0x46</size>
         <input_file_ref idref="fl-e7"/>
      </object_component>
      <object_component id="oc-5d">
         <name>.debug_info</name>
         <load_address>0x230a3</load_address>
         <run_address>0x230a3</run_address>
         <size>0x2a8</size>
         <input_file_ref idref="fl-e8"/>
      </object_component>
      <object_component id="oc-1c">
         <name>.debug_info</name>
         <load_address>0x2334b</load_address>
         <run_address>0x2334b</run_address>
         <size>0x1ea</size>
         <input_file_ref idref="fl-e8"/>
      </object_component>
      <object_component id="oc-58">
         <name>.debug_info</name>
         <load_address>0x23535</load_address>
         <run_address>0x23535</run_address>
         <size>0x46</size>
         <input_file_ref idref="fl-e8"/>
      </object_component>
      <object_component id="oc-d0">
         <name>.debug_info</name>
         <load_address>0x2357b</load_address>
         <run_address>0x2357b</run_address>
         <size>0x2c</size>
         <input_file_ref idref="fl-e8"/>
      </object_component>
      <object_component id="oc-ce">
         <name>.debug_info</name>
         <load_address>0x235a7</load_address>
         <run_address>0x235a7</run_address>
         <size>0x29e</size>
         <input_file_ref idref="fl-e9"/>
      </object_component>
      <object_component id="oc-18">
         <name>.debug_info</name>
         <load_address>0x23845</load_address>
         <run_address>0x23845</run_address>
         <size>0x250</size>
         <input_file_ref idref="fl-e9"/>
      </object_component>
      <object_component id="oc-48">
         <name>.debug_info</name>
         <load_address>0x23a95</load_address>
         <run_address>0x23a95</run_address>
         <size>0x60</size>
         <input_file_ref idref="fl-e9"/>
      </object_component>
      <object_component id="oc-17d">
         <name>.debug_info</name>
         <load_address>0x23af5</load_address>
         <run_address>0x23af5</run_address>
         <size>0x46</size>
         <input_file_ref idref="fl-e9"/>
      </object_component>
      <object_component id="oc-c9">
         <name>.debug_info</name>
         <load_address>0x23b3b</load_address>
         <run_address>0x23b3b</run_address>
         <size>0x39</size>
         <input_file_ref idref="fl-e9"/>
      </object_component>
      <object_component id="oc-25">
         <name>.debug_info</name>
         <load_address>0x23b74</load_address>
         <run_address>0x23b74</run_address>
         <size>0x10b</size>
         <input_file_ref idref="fl-ea"/>
      </object_component>
      <object_component id="oc-74">
         <name>.debug_info</name>
         <load_address>0x23c7f</load_address>
         <run_address>0x23c7f</run_address>
         <size>0x1a9</size>
         <input_file_ref idref="fl-ea"/>
      </object_component>
      <object_component id="oc-28d">
         <name>.debug_info</name>
         <load_address>0x23e28</load_address>
         <run_address>0x23e28</run_address>
         <size>0x4b3</size>
         <input_file_ref idref="fl-ec"/>
      </object_component>
      <object_component id="oc-1be">
         <name>.debug_info</name>
         <load_address>0x242db</load_address>
         <run_address>0x242db</run_address>
         <size>0x1a6</size>
         <input_file_ref idref="fl-ec"/>
      </object_component>
      <object_component id="oc-317">
         <name>.debug_info</name>
         <load_address>0x24481</load_address>
         <run_address>0x24481</run_address>
         <size>0x39</size>
         <input_file_ref idref="fl-ec"/>
      </object_component>
      <object_component id="oc-365">
         <name>.debug_info</name>
         <load_address>0x244ba</load_address>
         <run_address>0x244ba</run_address>
         <size>0x39</size>
         <input_file_ref idref="fl-ec"/>
      </object_component>
      <object_component id="oc-31c">
         <name>.debug_info</name>
         <load_address>0x244f3</load_address>
         <run_address>0x244f3</run_address>
         <size>0x39</size>
         <input_file_ref idref="fl-ec"/>
      </object_component>
      <object_component id="oc-321">
         <name>.debug_info</name>
         <load_address>0x2452c</load_address>
         <run_address>0x2452c</run_address>
         <size>0xcd</size>
         <input_file_ref idref="fl-ec"/>
      </object_component>
      <object_component id="oc-e6">
         <name>.debug_info</name>
         <load_address>0x245f9</load_address>
         <run_address>0x245f9</run_address>
         <size>0x153</size>
         <input_file_ref idref="fl-ed"/>
      </object_component>
      <object_component id="oc-1b2">
         <name>.debug_info</name>
         <load_address>0x2474c</load_address>
         <run_address>0x2474c</run_address>
         <size>0x122</size>
         <input_file_ref idref="fl-ef"/>
      </object_component>
      <object_component id="oc-3f6">
         <name>.debug_info</name>
         <load_address>0x2486e</load_address>
         <run_address>0x2486e</run_address>
         <size>0x95</size>
      </object_component>
      <object_component id="oc-218">
         <name>.debug_line</name>
         <load_address>0x0</load_address>
         <run_address>0x0</run_address>
         <size>0x5e</size>
         <input_file_ref idref="fl-2"/>
      </object_component>
      <object_component id="oc-24a">
         <name>.debug_line</name>
         <load_address>0x5e</load_address>
         <run_address>0x5e</run_address>
         <size>0x8a</size>
         <input_file_ref idref="fl-2"/>
      </object_component>
      <object_component id="oc-12c">
         <name>.debug_line</name>
         <load_address>0xe8</load_address>
         <run_address>0xe8</run_address>
         <size>0x5c</size>
         <input_file_ref idref="fl-2"/>
      </object_component>
      <object_component id="oc-c7">
         <name>.debug_line</name>
         <load_address>0x144</load_address>
         <run_address>0x144</run_address>
         <size>0x6f</size>
         <input_file_ref idref="fl-2"/>
      </object_component>
      <object_component id="oc-136">
         <name>.debug_line</name>
         <load_address>0x1b3</load_address>
         <run_address>0x1b3</run_address>
         <size>0x60</size>
         <input_file_ref idref="fl-2"/>
      </object_component>
      <object_component id="oc-171">
         <name>.debug_line</name>
         <load_address>0x213</load_address>
         <run_address>0x213</run_address>
         <size>0x5d</size>
         <input_file_ref idref="fl-2"/>
      </object_component>
      <object_component id="oc-16a">
         <name>.debug_line</name>
         <load_address>0x270</load_address>
         <run_address>0x270</run_address>
         <size>0x5e</size>
         <input_file_ref idref="fl-2"/>
      </object_component>
      <object_component id="oc-13c">
         <name>.debug_line</name>
         <load_address>0x2ce</load_address>
         <run_address>0x2ce</run_address>
         <size>0x20</size>
         <input_file_ref idref="fl-2"/>
      </object_component>
      <object_component id="oc-9a">
         <name>.debug_line</name>
         <load_address>0x2ee</load_address>
         <run_address>0x2ee</run_address>
         <size>0x60</size>
         <input_file_ref idref="fl-2"/>
      </object_component>
      <object_component id="oc-176">
         <name>.debug_line</name>
         <load_address>0x34e</load_address>
         <run_address>0x34e</run_address>
         <size>0x5e</size>
         <input_file_ref idref="fl-2"/>
      </object_component>
      <object_component id="oc-17b">
         <name>.debug_line</name>
         <load_address>0x3ac</load_address>
         <run_address>0x3ac</run_address>
         <size>0x73</size>
         <input_file_ref idref="fl-2"/>
      </object_component>
      <object_component id="oc-14d">
         <name>.debug_line</name>
         <load_address>0x41f</load_address>
         <run_address>0x41f</run_address>
         <size>0x6f</size>
         <input_file_ref idref="fl-2"/>
      </object_component>
      <object_component id="oc-c0">
         <name>.debug_line</name>
         <load_address>0x48e</load_address>
         <run_address>0x48e</run_address>
         <size>0x70</size>
         <input_file_ref idref="fl-2"/>
      </object_component>
      <object_component id="oc-127">
         <name>.debug_line</name>
         <load_address>0x4fe</load_address>
         <run_address>0x4fe</run_address>
         <size>0x6b</size>
         <input_file_ref idref="fl-2"/>
      </object_component>
      <object_component id="oc-9f">
         <name>.debug_line</name>
         <load_address>0x569</load_address>
         <run_address>0x569</run_address>
         <size>0x6f</size>
         <input_file_ref idref="fl-2"/>
      </object_component>
      <object_component id="oc-131">
         <name>.debug_line</name>
         <load_address>0x5d8</load_address>
         <run_address>0x5d8</run_address>
         <size>0x5c</size>
         <input_file_ref idref="fl-2"/>
      </object_component>
      <object_component id="oc-32c">
         <name>.debug_line</name>
         <load_address>0x634</load_address>
         <run_address>0x634</run_address>
         <size>0x34</size>
         <input_file_ref idref="fl-3"/>
      </object_component>
      <object_component id="oc-260">
         <name>.debug_line</name>
         <load_address>0x668</load_address>
         <run_address>0x668</run_address>
         <size>0x73</size>
         <input_file_ref idref="fl-3"/>
      </object_component>
      <object_component id="oc-50">
[...]
         <value>0x2b6d</value>
         <object_component_ref idref="oc-a7"/>
      </symbol>
      <symbol id="sm-694">
         <name>UARTConfigSetExpClk</name>
         <value>0x2c09</value>
         <object_component_ref idref="oc-a7"/>
      </symbol>
      <symbol id="sm-695">
         <name>UARTSmartCardDisable</name>
         <value>0x2a91</value>
         <object_component_ref idref="oc-a7"/>
      </symbol>
      <symbol id="sm-696">
         <name>UARTDisable</name>
         <value>0x2bdd</value>
         <object_component_ref idref="oc-a7"/>
      </symbol>
      <symbol id="sm-697">
         <name>UART9BitDisable</name>
         <value>0x2ce5</value>
         <object_component_ref idref="oc-a7"/>
      </symbol>
      <symbol id="sm-698">
         <name>UARTFIFOLevelGet</name>
         <value>0x2b87</value>
         <object_component_ref idref="oc-a7"/>
      </symbol>
      <symbol id="sm-699">
         <name>UARTBusy</name>
         <value>0x2cbb</value>
         <object_component_ref idref="oc-a7"/>
      </symbol>
      <symbol id="sm-69a">
         <name>UARTDisableSIR</name>
         <value>0x2bd3</value>
         <object_component_ref idref="oc-a7"/>
      </symbol>
      <symbol id="sm-69b">
         <name>UARTLoopbackEnable</name>
         <value>0x2aed</value>
         <object_component_ref idref="oc-a7"/>
      </symbol>
      <symbol id="sm-69c">
         <name>UARTIntEnable</name>
         <value>0x2b57</value>
         <object_component_ref idref="oc-a7"/>
      </symbol>
      <symbol id="sm-69d">
         <name>UARTCharsAvail</name>
         <value>0x2c7d</value>
         <object_component_ref idref="oc-a7"/>
      </symbol>
      <symbol id="sm-69e">
         <name>UARTCharGetNonBlocking</name>
         <value>0x2ca3</value>
         <object_component_ref idref="oc-a7"/>
      </symbol>
      <symbol id="sm-69f">
         <name>UARTClockSourceSet</name>
         <value>0x2c71</value>
         <object_component_ref idref="oc-a7"/>
      </symbol>
      <symbol id="sm-6a0">
         <name>UARTTxIntModeGet</name>
         <value>0x2a65</value>
         <object_component_ref idref="oc-a7"/>
      </symbol>
      <symbol id="sm-6a1">
         <name>UARTModemStatusGet</name>
         <value>0x2abd</value>
         <object_component_ref idref="oc-a7"/>
      </symbol>
      <symbol id="sm-6a2">
         <name>UARTIntDisable</name>
         <value>0x2b5f</value>
         <object_component_ref idref="oc-a7"/>
      </symbol>
      <symbol id="sm-6a3">
         <name>UARTCharPut</name>
         <value>0x2c99</value>
         <object_component_ref idref="oc-a7"/>
      </symbol>
      <symbol id="sm-6a4">
         <name>UARTParityModeSet</name>
         <value>0x2aa9</value>
         <object_component_ref idref="oc-a7"/>
      </symbol>
      <symbol id="sm-6a5">
         <name>UARTRxErrorGet</name>
         <value>0x2a9b</value>
         <object_component_ref idref="oc-a7"/>
      </symbol>
      <symbol id="sm-6a6">
         <name>UARTConfigGetExpClk</name>
         <value>0x2c4b</value>
         <object_component_ref idref="oc-a7"/>
      </symbol>
      <symbol id="sm-6a7">
         <name>UARTEnableSIR</name>
         <value>0x2bab</value>
         <object_component_ref idref="oc-a7"/>
      </symbol>
      <symbol id="sm-6a8">
         <name>UARTEnable</name>
         <value>0x2bbf</value>
         <object_component_ref idref="oc-a7"/>
      </symbol>
      <symbol id="sm-6a9">
         <name>UART9BitAddrSend</name>
         <value>0x2cfd</value>
         <object_component_ref idref="oc-a7"/>
      </symbol>
      <symbol id="sm-6aa">
         <name>UARTModemControlGet</name>
         <value>0x2ad3</value>
         <object_component_ref idref="oc-a7"/>
      </symbol>
      <symbol id="sm-6ab">
         <name>UARTSmartCardEnable</name>
         <value>0x2a7b</value>
         <object_component_ref idref="oc-a7"/>
      </symbol>
      <symbol id="sm-6ac">
         <name>UARTFlowControlGet</name>
         <value>0x2b79</value>
         <object_component_ref idref="oc-a7"/>
      </symbol>
      <symbol id="sm-6ad">
         <name>UARTFIFOEnable</name>
         <value>0x2b97</value>
         <object_component_ref idref="oc-a7"/>
      </symbol>
      <symbol id="sm-6ae">
         <name>UARTIntClear</name>
         <value>0x2b69</value>
         <object_component_ref idref="oc-a7"/>
      </symbol>
      <symbol id="sm-6af">
         <name>UARTIntStatus</name>
         <value>0x2b35</value>
         <object_component_ref idref="oc-a7"/>
      </symbol>
      <symbol id="sm-6b0">
         <name>UARTDMADisable</name>
         <value>0x2bff</value>
         <object_component_ref idref="oc-a7"/>
      </symbol>
      <symbol id="sm-6b1">
         <name>UART9BitEnable</name>
         <value>0x2cd7</value>
         <object_component_ref idref="oc-a7"/>
      </symbol>
      <symbol id="sm-6b2">
         <name>UARTSpaceAvail</name>
         <value>0x2a6d</value>
         <object_component_ref idref="oc-a7"/>
      </symbol>
      <symbol id="sm-6b3">
         <name>UARTCharGet</name>
         <value>0x2cb1</value>
         <object_component_ref idref="oc-a7"/>
      </symbol>
      <symbol id="sm-6b4">
         <name>UARTFIFOLevelSet</name>
         <value>0x2b81</value>
         <object_component_ref idref="oc-a7"/>
      </symbol>
      <symbol id="sm-6b5">
         <name>UARTModemControlClear</name>
         <value>0x2adb</value>
         <object_component_ref idref="oc-a7"/>
      </symbol>
      <symbol id="sm-6b6">
         <name>UARTParityModeGet</name>
         <value>0x2ab5</value>
         <object_component_ref idref="oc-a7"/>
      </symbol>
      <symbol id="sm-6b7">
         <name>UARTIntRegister</name>
         <value>0x2b3f</value>
         <object_component_ref idref="oc-a7"/>
      </symbol>
      <symbol id="sm-6b8">
         <name>UARTBreakCtl</name>
         <value>0x2cc3</value>
         <object_component_ref idref="oc-a7"/>
      </symbol>
      <symbol id="sm-6b9">
         <name>UART9BitAddrSet</name>
         <value>0x2cf3</value>
         <object_component_ref idref="oc-a7"/>
      </symbol>
      <symbol id="sm-7c3">
         <name>g_psCDCCompSerSections</name>
         <value>0x2000651c</value>
         <object_component_ref idref="oc-37b"/>
      </symbol>
      <symbol id="sm-7c4">
         <name>g_pui8CDCSerDataInterfaceHS</name>
         <value>0x484b</value>
         <object_component_ref idref="oc-3b4"/>
      </symbol>
      <symbol id="sm-7c5">
         <name>g_sCDCCompSerConfigHeader</name>
         <value>0x4874</value>
         <object_component_ref idref="oc-335"/>
      </symbol>
      <symbol id="sm-7c6">
         <name>g_sCDCSerCommInterfaceSection</name>
         <value>0x4884</value>
         <object_component_ref idref="oc-394"/>
      </symbol>
      <symbol id="sm-7c7">
         <name>g_pCDCCompSerConfigDescriptorsHS</name>
         <value>0x471c</value>
         <object_component_ref idref="oc-2e2"/>
      </symbol>
      <symbol id="sm-7c8">
         <name>USBDCDCSerialStateChange</name>
         <value>0x1651</value>
         <object_component_ref idref="oc-263"/>
      </symbol>
      <symbol id="sm-7c9">
         <name>g_sIADSerConfigSection</name>
         <value>0x48b4</value>
         <object_component_ref idref="oc-3a1"/>
      </symbol>
      <symbol id="sm-7ca">
         <name>g_ppCDCSerConfigDescriptors</name>
         <value>0x4710</value>
         <object_component_ref idref="oc-2e2"/>
      </symbol>
      <symbol id="sm-7cb">
         <name>USBDCDCPowerStatusSet</name>
         <value>0x16bd</value>
         <object_component_ref idref="oc-263"/>
      </symbol>
      <symbol id="sm-7cc">
         <name>USBDCDCRemoteWakeupRequest</name>
         <value>0x16b7</value>
         <object_component_ref idref="oc-263"/>
      </symbol>
      <symbol id="sm-7cd">
         <name>USBDCDCSetTxCBData</name>
         <value>0x104d</value>
         <object_component_ref idref="oc-263"/>
      </symbol>
      <symbol id="sm-7ce">
         <name>g_pCDCCompSerConfigDescriptors</name>
         <value>0x4718</value>
         <object_component_ref idref="oc-2e2"/>
      </symbol>
      <symbol id="sm-7cf">
         <name>g_sCDCSerDataInterfaceSectionHS</name>
         <value>0x48ac</value>
         <object_component_ref idref="oc-39c"/>
      </symbol>
      <symbol id="sm-7d0">
         <name>USBDCDCCompositeInit</name>
         <value>0x17df</value>
         <object_component_ref idref="oc-263"/>
      </symbol>
      <symbol id="sm-7d1">
         <name>USBDCDCTxPacketAvailable</name>
         <value>0x102d</value>
         <object_component_ref idref="oc-263"/>
      </symbol>
      <symbol id="sm-7d2">
         <name>g_pui8CDCSerDataInterface</name>
         <value>0x4834</value>
         <object_component_ref idref="oc-3af"/>
      </symbol>
      <symbol id="sm-7d3">
         <name>USBDCDCSetControlCBData</name>
         <value>0x105d</value>
         <object_component_ref idref="oc-263"/>
      </symbol>
      <symbol id="sm-7d4">
         <name>g_pui8IADSerDescriptor</name>
         <value>0x20006554</value>
         <object_component_ref idref="oc-3b9"/>
      </symbol>
      <symbol id="sm-7d5">
         <name>g_sCDCSerDataInterfaceSection</name>
         <value>0x48a4</value>
         <object_component_ref idref="oc-397"/>
      </symbol>
      <symbol id="sm-7d6">
         <name>USBDCDCInit</name>
         <value>0x18ab</value>
         <object_component_ref idref="oc-263"/>
      </symbol>
      <symbol id="sm-7d7">
         <name>ProcessNotificationToHost</name>
         <value>0x12a1</value>
         <object_component_ref idref="oc-263"/>
      </symbol>
      <symbol id="sm-7d8">
         <name>USBDCDCSetRxCBData</name>
         <value>0x1055</value>
         <object_component_ref idref="oc-263"/>
      </symbol>
      <symbol id="sm-7d9">
         <name>g_sCDCSerConfigSection</name>
         <value>0x489c</value>
         <object_component_ref idref="oc-391"/>
      </symbol>
      <symbol id="sm-7da">
         <name>g_sCDCCompSerConfigHeaderHS</name>
         <value>0x487c</value>
         <object_component_ref idref="oc-338"/>
      </symbol>
      <symbol id="sm-7db">
         <name>g_sCDCHandlers</name>
         <value>0x4720</value>
         <object_component_ref idref="oc-2e2"/>
      </symbol>
      <symbol id="sm-7dc">
         <name>g_psCDCSerSections</name>
         <value>0x2000653c</value>
         <object_component_ref idref="oc-371"/>
      </symbol>
      <symbol id="sm-7dd">
         <name>ProcessDataFromHost</name>
         <value>0x12db</value>
         <object_component_ref idref="oc-263"/>
      </symbol>
      <symbol id="sm-7de">
         <name>USBDCDCRxPacketAvailable</name>
         <value>0x167b</value>
         <object_component_ref idref="oc-263"/>
      </symbol>
      <symbol id="sm-7df">
         <name>g_sCDCSerConfigHeaderHS</name>
         <value>0x4894</value>
         <object_component_ref idref="oc-332"/>
      </symbol>
      <symbol id="sm-7e0">
         <name>g_pui8CDCSerDescriptor</name>
         <value>0x200064ca</value>
         <object_component_ref idref="oc-2df"/>
      </symbol>
      <symbol id="sm-7e1">
         <name>g_ppCDCSerConfigDescriptorsHS</name>
         <value>0x4714</value>
         <object_component_ref idref="oc-2e2"/>
      </symbol>
      <symbol id="sm-7e2">
         <name>ProcessDataToHost</name>
         <value>0x1365</value>
         <object_component_ref idref="oc-263"/>
      </symbol>
      <symbol id="sm-7e3">
         <name>USBDCDCTerm</name>
         <value>0x103d</value>
         <object_component_ref idref="oc-263"/>
      </symbol>
      <symbol id="sm-7e4">
         <name>USBDCDCPacketRead</name>
         <value>0x1739</value>
         <object_component_ref idref="oc-263"/>
      </symbol>
      <symbol id="sm-7e5">
         <name>g_psCDCCompSerSectionsHS</name>
         <value>0x2000652c</value>
         <object_component_ref idref="oc-380"/>
      </symbol>
      <symbol id="sm-7e6">
         <name>g_sCDCSerConfigHeader</name>
         <value>0x488c</value>
         <object_component_ref idref="oc-32f"/>
      </symbol>
      <symbol id="sm-7e7">
         <name>g_psCDCSerSectionsHS</name>
         <value>0x20006548</value>
         <object_component_ref idref="oc-376"/>
      </symbol>
      <symbol id="sm-7e8">
         <name>g_pui8CDCSerDeviceDescriptor</name>
         <value>0x200064d3</value>
         <object_component_ref idref="oc-2df"/>
      </symbol>
      <symbol id="sm-7e9">
         <name>g_pui8CDCSerCommInterface</name>
         <value>0x47d6</value>
         <object_component_ref idref="oc-3aa"/>
      </symbol>
      <symbol id="sm-7ea">
         <name>USBDCDCPacketWrite</name>
         <value>0x16c3</value>
         <object_component_ref idref="oc-263"/>
      </symbol>
      <symbol id="sm-7f9">
         <name>USB0DeviceIntHandler</name>
         <value>0x430d</value>
         <object_component_ref idref="oc-3e"/>
      </symbol>
      <symbol id="sm-809">
         <name>__aeabi_memset</name>
         <value>0x408f</value>
         <object_component_ref idref="oc-de"/>
      </symbol>
      <symbol id="sm-80a">
         <name>memset</name>
         <value>0x4095</value>
         <object_component_ref idref="oc-de"/>
      </symbol>
      <symbol id="sm-80b">
         <name>__aeabi_memset8</name>
         <value>0x408f</value>
         <object_component_ref idref="oc-de"/>
      </symbol>
      <symbol id="sm-80c">
         <name>__aeabi_memset4</name>
         <value>0x408f</value>
         <object_component_ref idref="oc-de"/>
      </symbol>
      <symbol id="sm-80d">
         <name>__aeabi_memclr8</name>
         <value>0x408d</value>
         <object_component_ref idref="oc-de"/>
      </symbol>
      <symbol id="sm-80e">
         <name>__aeabi_memclr4</name>
         <value>0x408d</value>
         <object_component_ref idref="oc-de"/>
      </symbol>
      <symbol id="sm-80f">
         <name>__aeabi_memclr</name>
         <value>0x408d</value>
         <object_component_ref idref="oc-de"/>
      </symbol>
      <symbol id="sm-826">
         <name>__aeabi_dsub</name>
         <value>0x2fbd</value>
         <object_component_ref idref="oc-2d1"/>
      </symbol>
      <symbol id="sm-827">
         <name>__aeabi_dadd</name>
         <value>0x2fc7</value>
         <object_component_ref idref="oc-2d1"/>
      </symbol>
      <symbol id="sm-83b">
         <name>__aeabi_ddiv</name>
         <value>0x3581</value>
         <object_component_ref idref="oc-251"/>
      </symbol>
      <symbol id="sm-846">
         <name>__aeabi_dmul</name>
         <value>0x3a11</value>
         <object_component_ref idref="oc-2cc"/>
      </symbol>
      <symbol id="sm-850">
         <name>__aeabi_d2iz</name>
         <value>0x41dd</value>
         <object_component_ref idref="oc-256"/>
      </symbol>
      <symbol id="sm-85c">
         <name>__aeabi_d2f</name>
         <value>0x4107</value>
         <object_component_ref idref="oc-2d6"/>
      </symbol>
      <symbol id="sm-867">
         <name>__aeabi_f2d</name>
         <value>0x4269</value>
         <object_component_ref idref="oc-24c"/>
      </symbol>
      <symbol id="sm-882">
         <name>memcpy</name>
         <value>0x3e39</value>
         <object_component_ref idref="oc-52"/>
      </symbol>
      <symbol id="sm-883">
         <name>__aeabi_memcpy</name>
         <value>0x3e39</value>
         <object_component_ref idref="oc-52"/>
      </symbol>
      <symbol id="sm-884">
         <name>__aeabi_memcpy8</name>
         <value>0x3e39</value>
         <object_component_ref idref="oc-52"/>
      </symbol>
      <symbol id="sm-885">
         <name>__aeabi_memcpy4</name>
         <value>0x3e39</value>
         <object_component_ref idref="oc-52"/>
      </symbol>
      <symbol id="sm-898">
         <name>__TI_zero_init</name>
         <value>0x433b</value>
         <object_component_ref idref="oc-64"/>
      </symbol>
      <symbol id="sm-8af">
         <name>__TI_decompress_none</name>
         <value>0x432d</value>
         <object_component_ref idref="oc-1b"/>
      </symbol>
      <symbol id="sm-8d2">
         <name>__TI_decompress_lzss</name>
         <value>0x4175</value>
         <object_component_ref idref="oc-15"/>
      </symbol>
      <symbol id="sm-8e5">
         <name>__stack</name>
         <value>0x20006788</value>
         <object_component_ref idref="oc-24"/>
      </symbol>
      <symbol id="sm-8e6">
         <name>_c_int00_noargs</name>
         <value>0x42d9</value>
         <object_component_ref idref="oc-70"/>
      </symbol>
      <symbol id="sm-90f">
         <name>__TI_auto_init_nobinit_nopinit</name>
         <value>0x4225</value>
         <object_component_ref idref="oc-1bd"/>
      </symbol>
      <symbol id="sm-919">
         <name>_system_pre_init</name>
         <value>0x4353</value>
         <object_component_ref idref="oc-e4"/>
      </symbol>
      <symbol id="sm-925">
         <name>C$$EXIT</name>
         <value>0x4357</value>
         <object_component_ref idref="oc-1b1"/>
      </symbol>
      <symbol id="sm-926">
         <name>abort</name>
         <value>0x4357</value>
         <object_component_ref idref="oc-1b1"/>
      </symbol>
      <symbol id="sm-929">
         <name>__TI_static_base__</name>
         <value>0x0</value>
      </symbol>
      <symbol id="sm-92d">
         <name>USBBufferInit</name>
         <value>0x0</value>
      </symbol>
      <symbol id="sm-92e">
         <name>USBStackModeSet</name>
         <value>0x0</value>
      </symbol>
      <symbol id="sm-92f">
         <name>USBBufferRead</name>
         <value>0x0</value>
      </symbol>
      <symbol id="sm-930">
         <name>USBBufferWrite</name>
         <value>0x0</value>
      </symbol>
      <symbol id="sm-931">
         <name>USBBufferEventCallback</name>
         <value>0x0</value>
      </symbol>
      <symbol id="sm-932">
         <name>USBDCDTerm</name>
         <value>0x0</value>
      </symbol>
      <symbol id="sm-933">
         <name>USBDCDStallEP0</name>
         <value>0x0</value>
      </symbol>
      <symbol id="sm-934">
         <name>USBDCDSendDataEP0</name>
         <value>0x0</value>
      </symbol>
      <symbol id="sm-935">
         <name>USBDCDRequestDataEP0</name>
         <value>0x0</value>
      </symbol>
      <symbol id="sm-936">
         <name>USBDCDRemoteWakeupRequest</name>
         <value>0x0</value>
      </symbol>
      <symbol id="sm-937">
         <name>USBDCDPowerStatusSet</name>
         <value>0x0</value>
      </symbol>
      <symbol id="sm-938">
         <name>USBDCDFeatureGet</name>
         <value>0x0</value>
      </symbol>
      <symbol id="sm-939">
         <name>USBDCDDeviceInfoInit</name>
         <value>0x0</value>
      </symbol>
      <symbol id="sm-93a">
         <name>InternalUSBTickInit</name>
         <value>0x0</value>
      </symbol>
      <symbol id="sm-93b">
         <name>InternalUSBRegisterTickHandler</name>
         <value>0x0</value>
      </symbol>
      <symbol id="sm-93c">
         <name>USBDCDInit</name>
         <value>0x0</value>
      </symbol>
      <symbol id="sm-93d">
         <name>USBDeviceIntHandlerInternal</name>
         <value>0x0</value>
      </symbol>
      <symbol id="sm-93e">
         <name>__mpu_init</name>
         <value>0x0</value>
      </symbol>
      <symbol id="sm-93f">
         <name>_system_post_cinit</name>
         <value>0x0</value>
      </symbol>
      <symbol id="sm-940">
         <name>IntPriorityMaskSet</name>
         <value>0x42c7</value>
      </symbol>
      <symbol id="sm-941">
         <name>IntPriorityMaskGet</name>
         <value>0x42cd</value>
      </symbol>
      <symbol id="sm-942">
         <name>SysCtlSleep</name>
         <value>0x42a1</value>
      </symbol>
   </symbol_table>
   <title>Link errors: red sections failed placement</title>
</link_info>
